[    0.000000] Booting Linux on physical CPU 0x0
[    0.000000] Initializing cgroup subsys cpuset
[    0.000000] Initializing cgroup subsys cpu
[    0.000000] Initializing cgroup subsys cpuacct
[    0.000000] Linux version 4.4.167-1169-rockchip-ayufan-g3cde5c624c9c (root@runner-f725ff63-project-5943294-concurrent-0) (gcc version 7.3.0 (Ubuntu/Linaro 7.3.0-16ubuntu3) ) #1 SMP Thu Apr 4 19:38:24 UTC 2019
[    0.000000] Boot CPU: AArch64 Processor [410fd034]
[    0.000000] earlycon: Early serial console at MMIO32 0xff1a0000 (options '')
[    0.000000] bootconsole [uart0] enabled
[    0.000000] Reserved memory: failed to reserve memory for node 'drm-logo@00000000': base 0x0000000000000000, size 0 MiB
[    0.000000] On node 0 totalpages: 1015296
[    0.000000]   DMA zone: 15864 pages used for memmap
[    0.000000]   DMA zone: 0 pages reserved
[    0.000000]   DMA zone: 1015296 pages, LIFO batch:31
[    0.000000] psci: probing for conduit method from DT.
[    0.000000] psci: PSCIv1.0 detected in firmware.
[    0.000000] psci: Using standard PSCI v0.2 function IDs
[    0.000000] psci: MIGRATE_INFO_TYPE not supported.
[    0.000000] PERCPU: Embedded 21 pages/cpu @ffffffc0f7ed7000 s46248 r8192 d31576 u86016
[    0.000000] pcpu-alloc: s46248 r8192 d31576 u86016 alloc=21*4096
[    0.000000] pcpu-alloc: [0] 0 [0] 1 [0] 2 [0] 3 [0] 4 [0] 5 
[    0.000000] Detected VIPT I-cache on CPU0
[    0.000000] CPU features: enabling workaround for ARM erratum 845719
[    0.000000] Built 1 zonelists in Zone order, mobility grouping on.  Total pages: 999432
[    0.000000] Kernel command line: earlycon=uart8250,mmio32,0xff1a0000 swiotlb=1 rw panic=10 init=/sbin/init coherent_pool=1M ethaddr=0e:13:e8:96:73:23 eth1addr= serial=347eb8075d3213f cgroup_enable=cpuset cgroup_memory=1 cgroup_enable=memory swapaccount=1 root=LABEL=linux-root rootwait rootfstype=ext4
[    0.000000] PID hash table entries: 4096 (order: 3, 32768 bytes)
[    0.000000] Dentry cache hash table entries: 524288 (order: 10, 4194304 bytes)
[    0.000000] Inode-cache hash table entries: 262144 (order: 9, 2097152 bytes)
[    0.000000] software IO TLB [mem 0xf7e8f000-0xf7ecf000] (0MB) mapped at [ffffffc0f7e8f000-ffffffc0f7ecefff]
[    0.000000] Memory: 3961480K/4061184K available (12350K kernel code, 1746K rwdata, 4508K rodata, 1152K init, 771K bss, 99704K reserved, 0K cma-reserved)
[    0.000000] Virtual kernel memory layout:
                   modules : 0xffffff8000000000 - 0xffffff8008000000   (   128 MB)
                   vmalloc : 0xffffff8008000000 - 0xffffffbdbfff0000   (   246 GB)
                     .init : 0xffffff8009100000 - 0xffffff8009220000   (  1152 KB)
                     .text : 0xffffff8008080000 - 0xffffff8008c90000   ( 12352 KB)
                   .rodata : 0xffffff8008c90000 - 0xffffff8009100000   (  4544 KB)
                     .data : 0xffffff8009220000 - 0xffffff80093d4808   (  1747 KB)
                   vmemmap : 0xffffffbdc0000000 - 0xffffffbfc0000000   (     8 GB maximum)
                             0xffffffbdc0008000 - 0xffffffbdc3e00000   (    61 MB actual)
                   fixed   : 0xffffffbffe7fb000 - 0xffffffbffec00000   (  4116 KB)
                   PCI I/O : 0xffffffbffee00000 - 0xffffffbfffe00000   (    16 MB)
                   memory  : 0xffffffc000200000 - 0xffffffc0f8000000   (  3966 MB)
[    0.000000] SLUB: HWalign=64, Order=0-3, MinObjects=0, CPUs=6, Nodes=1
[    0.000000] Hierarchical RCU implementation.
[    0.000000] 	Build-time adjustment of leaf fanout to 64.
[    0.000000] 	RCU restricting CPUs from NR_CPUS=8 to nr_cpu_ids=6.
[    0.000000] RCU: Adjusting geometry for rcu_fanout_leaf=64, nr_cpu_ids=6
[    0.000000] NR_IRQS:64 nr_irqs:64 0
[    0.000000] GIC: Using split EOI/Deactivate mode
[    0.000000] ITS: /interrupt-controller@fee00000/interrupt-controller@fee20000
[    0.000000] ITS: allocated 65536 Devices @f2900000 (psz 64K, shr 0)
[    0.000000] ITS: using cache flushing for cmd queue
[    0.000000] GIC: using LPI property table @0x00000000f2890000
[    0.000000] ITS: Allocated 1792 chunks for LPIs
[    0.000000] CPU0: found redistributor 0 region 0:0x00000000fef00000
[    0.000000] CPU0: using LPI pending table @0x00000000f28a0000
[    0.000000] GIC: using cache flushing for LPI property table
[    0.000000] GIC: PPI partition interrupt-partition-0[0] { /cpus/cpu@0[0] /cpus/cpu@1[1] /cpus/cpu@2[2] /cpus/cpu@3[3] }
[    0.000000] GIC: PPI partition interrupt-partition-1[1] { /cpus/cpu@100[4] /cpus/cpu@101[5] }
[    0.000000] rockchip_mmc_get_phase: invalid clk rate
[    0.000000] rockchip_mmc_get_phase: invalid clk rate
[    0.000000] rockchip_mmc_get_phase: invalid clk rate
[    0.000000] rockchip_mmc_get_phase: invalid clk rate
[    0.000000] rockchip_clk_register_frac_branch: could not find dclk_vop0_frac as parent of dclk_vop0, rate changes may not work
[    0.000000] rockchip_clk_register_frac_branch: could not find dclk_vop1_frac as parent of dclk_vop1, rate changes may not work
[    0.000000] Architected cp15 timer(s) running at 24.00MHz (phys).
[    0.000000] clocksource: arch_sys_counter: mask: 0xffffffffffffff max_cycles: 0x588fe9dc0, max_idle_ns: 440795202592 ns
[    0.000005] sched_clock: 56 bits at 24MHz, resolution 41ns, wraps every 4398046511097ns
[    0.002135] Console: colour dummy device 80x25
[    0.002565] console [tty0] enabled
[    0.002900] bootconsole [uart0] disabled
[    0.003295] Calibrating delay loop (skipped), value calculated using timer frequency.. 48.00 BogoMIPS (lpj=96000)
[    0.003323] pid_max: default: 32768 minimum: 301
[    0.003443] Security Framework initialized
[    0.003459] Yama: becoming mindful.
[    0.003486] AppArmor: AppArmor disabled by boot time parameter
[    0.003552] Mount-cache hash table entries: 8192 (order: 4, 65536 bytes)
[    0.003574] Mountpoint-cache hash table entries: 8192 (order: 4, 65536 bytes)
[    0.004341] Initializing cgroup subsys io
[    0.004366] Initializing cgroup subsys memory
[    0.004404] Initializing cgroup subsys devices
[    0.004425] Initializing cgroup subsys freezer
[    0.004444] Initializing cgroup subsys net_cls
[    0.004464] Initializing cgroup subsys perf_event
[    0.004484] Initializing cgroup subsys net_prio
[    0.004508] Initializing cgroup subsys hugetlb
[    0.004525] Initializing cgroup subsys pids
[    0.004573] ftrace: allocating 45634 entries in 179 pages
[    0.124273] sched-energy: Sched-energy-costs installed from DT
[    0.124303] CPU0: update cpu_capacity 401
[    0.124364] ASID allocator initialised with 32768 entries
[    0.127595] PCI/MSI: /interrupt-controller@fee00000/interrupt-controller@fee20000 domain created
[    0.128105] Platform MSI: /interrupt-controller@fee00000/interrupt-controller@fee20000 domain created
[    0.129465] Detected VIPT I-cache on CPU1
[    0.129495] CPU1: found redistributor 1 region 0:0x00000000fef20000
[    0.129524] CPU1: using LPI pending table @0x00000000f2b40000
[    0.129569] CPU1: update cpu_capacity 401
[    0.129573] CPU1: Booted secondary processor [410fd034]
[    0.130124] Detected VIPT I-cache on CPU2
[    0.130144] CPU2: found redistributor 2 region 0:0x00000000fef40000
[    0.130171] CPU2: using LPI pending table @0x00000000f2b70000
[    0.130198] CPU2: update cpu_capacity 401
[    0.130202] CPU2: Booted secondary processor [410fd034]
[    0.130736] Detected VIPT I-cache on CPU3
[    0.130755] CPU3: found redistributor 3 region 0:0x00000000fef60000
[    0.130783] CPU3: using LPI pending table @0x00000000f2bc0000
[    0.130808] CPU3: update cpu_capacity 401
[    0.130813] CPU3: Booted secondary processor [410fd034]
[    0.131394] Detected PIPT I-cache on CPU4
[    0.131420] CPU4: found redistributor 100 region 0:0x00000000fef80000
[    0.131461] CPU4: using LPI pending table @0x00000000f2000000
[    0.131501] CPU4: update cpu_capacity 1024
[    0.131505] CPU4: Booted secondary processor [410fd082]
[    0.132066] Detected PIPT I-cache on CPU5
[    0.132084] CPU5: found redistributor 101 region 0:0x00000000fefa0000
[    0.132119] CPU5: using LPI pending table @0x00000000f2030000
[    0.132146] CPU5: update cpu_capacity 1024
[    0.132150] CPU5: Booted secondary processor [410fd082]
[    0.132239] Brought up 6 CPUs
[    0.132920] SMP: Total of 6 processors activated.
[    0.132951] CPU features: detected feature: GIC system register CPU interface
[    0.132985] CPU features: detected feature: 32-bit EL0 Support
[    0.133021] CPU: All CPU(s) started at EL2
[    0.133089] alternatives: patching kernel code
[    0.134523] devtmpfs: initialized
[    0.151203] clocksource: jiffies: mask: 0xffffffff max_cycles: 0xffffffff, max_idle_ns: 7645041785100000 ns
[    0.151262] futex hash table entries: 2048 (order: 5, 131072 bytes)
[    0.151723] xor: measuring software checksum speed
[    0.191344]    8regs     :  2855.000 MB/sec
[    0.231403]    8regs_prefetch:  2560.000 MB/sec
[    0.271464]    32regs    :  3203.000 MB/sec
[    0.311522]    32regs_prefetch:  2845.000 MB/sec
[    0.311542] xor: using function: 32regs (3203.000 MB/sec)
[    0.311578] pinctrl core: initialized pinctrl subsystem
[    0.311816] regulator-dummy: no parameters
[    0.313192] Failed to find legacy iommu devices
[    0.313609] NET: Registered protocol family 16
[    0.325240] cpuidle: using governor ladder
[    0.337261] cpuidle: using governor menu
[    0.337600] vdso: 2 pages (1 code @ ffffff8008c96000, 1 data @ ffffff8009224000)
[    0.337655] hw-breakpoint: found 6 breakpoint and 4 watchpoint registers.
[    0.338192] DMA: preallocated 1024 KiB pool for atomic allocations
[    0.353897] gpiochip_add_data: registered GPIOs 0 to 31 on device: gpio0
[    0.353975] gpiochip_add_data: registered GPIOs 32 to 63 on device: gpio1
[    0.354050] gpiochip_add_data: registered GPIOs 64 to 95 on device: gpio2
[    0.354122] gpiochip_add_data: registered GPIOs 96 to 127 on device: gpio3
[    0.354196] gpiochip_add_data: registered GPIOs 128 to 159 on device: gpio4
[    0.447784] raid6: int64x1  gen()   473 MB/s
[    0.515880] raid6: int64x1  xor()   418 MB/s
[    0.583990] raid6: int64x2  gen()   655 MB/s
[    0.652060] raid6: int64x2  xor()   594 MB/s
[    0.720189] raid6: int64x4  gen()   920 MB/s
[    0.788259] raid6: int64x4  xor()   669 MB/s
[    0.856347] raid6: int64x8  gen()   753 MB/s
[    0.924448] raid6: int64x8  xor()   625 MB/s
[    0.992592] raid6: neonx1   gen()   995 MB/s
[    1.060676] raid6: neonx1   xor()   672 MB/s
[    1.128768] raid6: neonx2   gen()  1322 MB/s
[    1.196887] raid6: neonx2   xor()  1000 MB/s
[    1.264991] raid6: neonx4   gen()  1759 MB/s
[    1.333089] raid6: neonx4   xor()  1171 MB/s
[    1.401170] raid6: neonx8   gen()  1694 MB/s
[    1.469269] raid6: neonx8   xor()  1262 MB/s
[    1.469287] raid6: using algorithm neonx4 gen() 1759 MB/s
[    1.469307] raid6: .... xor() 1171 MB/s, rmw enabled
[    1.469326] raid6: using intx1 recovery algorithm
[    1.470335] of_get_named_gpiod_flags: parsed 'rockchip,power-ctrl' property of node '/rockchip-suspend[0]' - status (0)
[    1.470377] of_get_named_gpiod_flags: parsed 'rockchip,power-ctrl' property of node '/rockchip-suspend[1]' - status (0)
[    1.470671] of_get_named_gpiod_flags: can't parse 'gpio' property of node '/dc-12v[0]'
[    1.470692] dc_12v: 12000 mV 
[    1.470866] reg-fixed-voltage dc-12v: dc_12v supplying 12000000uV
[    1.471031] of_get_named_gpiod_flags: parsed 'gpio' property of node '/vcc3v3-pcie-regulator[0]' - status (0)
[    1.471077] reg-fixed-voltage vcc3v3-pcie-regulator: Looking up vin-supply from device tree
[    1.471120] vcc3v3_pcie: supplied by dc_12v
[    1.471145] dc_12v: could not add device link regulator.2 err -2
[    1.471187] vcc3v3_pcie: 3300 mV 
[    1.471340] reg-fixed-voltage vcc3v3-pcie-regulator: vcc3v3_pcie supplying 3300000uV
[    1.471392] of_get_named_gpiod_flags: can't parse 'gpio' property of node '/vcc1v8-s0[0]'
[    1.471409] vcc1v8_s0: 1800 mV 
[    1.471566] reg-fixed-voltage vcc1v8-s0: vcc1v8_s0 supplying 1800000uV
[    1.471619] of_get_named_gpiod_flags: can't parse 'gpio' property of node '/vcc-sys[0]'
[    1.471636] reg-fixed-voltage vcc-sys: Looking up vin-supply from device tree
[    1.471672] vcc_sys: supplied by dc_12v
[    1.471694] dc_12v: could not add device link regulator.4 err -2
[    1.471722] vcc_sys: 5000 mV 
[    1.471869] reg-fixed-voltage vcc-sys: vcc_sys supplying 5000000uV
[    1.471917] of_get_named_gpiod_flags: can't parse 'gpio' property of node '/vcc-phy-regulator[0]'
[    1.471933] vcc_phy: no parameters
[    1.472089] reg-fixed-voltage vcc-phy-regulator: vcc_phy supplying 0uV
[    1.472140] of_get_named_gpiod_flags: can't parse 'gpio' property of node '/vcc3v3-sys[0]'
[    1.472162] reg-fixed-voltage vcc3v3-sys: Looking up vin-supply from device tree
[    1.472199] vcc3v3_sys: supplied by vcc_sys
[    1.472221] vcc_sys: could not add device link regulator.6 err -2
[    1.472248] vcc3v3_sys: 3300 mV 
[    1.472396] reg-fixed-voltage vcc3v3-sys: vcc3v3_sys supplying 3300000uV
[    1.472531] of_get_named_gpiod_flags: parsed 'gpio' property of node '/vcc5v0-host-regulator[0]' - status (0)
[    1.472575] vcc5v0_host: no parameters
[    1.472738] reg-fixed-voltage vcc5v0-host-regulator: vcc5v0_host supplying 0uV
[    1.473366] iommu: Adding device ff650000.vpu_service to group 0
[    1.473464] iommu: Adding device ff660000.rkvdec to group 1
[    1.473591] iommu: Adding device ff8f0000.vop to group 2
[    1.473687] platform ff8f0000.vop: iommu /iommu@ff8f3f00 not found
[    1.473708] iommu: Removing device ff8f0000.vop from group 2
[    1.473774] iommu: Adding device ff900000.vop to group 2
[    1.474278] rk_iommu ff650800.iommu: can't get sclk
[    1.474566] rk_iommu ff660480.iommu: can't get sclk
[    1.474821] rk_iommu ff903f00.iommu: can't get sclk
[    1.475215] SCSI subsystem initialized
[    1.475394] libata version 3.00 loaded.
[    1.475568] usbcore: registered new interface driver usbfs
[    1.475626] usbcore: registered new interface driver hub
[    1.475721] usbcore: registered new device driver usb
[    1.475833] media: Linux media interface: v0.10
[    1.475883] Linux video capture interface: v2.00
[    1.476010] pps_core: LinuxPPS API ver. 1 registered
[    1.476030] pps_core: Software ver. 5.3.6 - Copyright 2005-2007 Rodolfo Giometti <giometti@linux.it>
[    1.476074] PTP clock support registered
[    1.477245] Advanced Linux Sound Architecture Driver Initialized.
[    1.477787] Bluetooth: Core ver 2.21
[    1.477828] NET: Registered protocol family 31
[    1.477847] Bluetooth: HCI device and connection manager initialized
[    1.477875] Bluetooth: HCI socket layer initialized
[    1.477898] Bluetooth: L2CAP socket layer initialized
[    1.477935] Bluetooth: SCO socket layer initialized
[    1.478325] NetLabel: Initializing
[    1.478345] NetLabel:  domain hash size = 128
[    1.478363] NetLabel:  protocols = UNLABELED CIPSOv4
[    1.478415] NetLabel:  unlabeled traffic allowed by default
[    1.479292] clocksource: Switched to clocksource arch_sys_counter
[    1.543558] thermal thermal_zone1: power_allocator: sustainable_power will be estimated
[    1.543815] NET: Registered protocol family 2
[    1.544267] TCP established hash table entries: 32768 (order: 6, 262144 bytes)
[    1.544552] TCP bind hash table entries: 32768 (order: 8, 1048576 bytes)
[    1.545380] TCP: Hash tables configured (established 32768 bind 32768)
[    1.545501] UDP hash table entries: 2048 (order: 5, 196608 bytes)
[    1.545690] UDP-Lite hash table entries: 2048 (order: 5, 196608 bytes)
[    1.546080] NET: Registered protocol family 1
[    1.546406] RPC: Registered named UNIX socket transport module.
[    1.546429] RPC: Registered udp transport module.
[    1.546448] RPC: Registered tcp transport module.
[    1.546467] RPC: Registered tcp NFSv4.1 backchannel transport module.
[    1.546687] PCI: CLS 0 bytes, default 64
[    1.547270] Trying to unpack rootfs image as initramfs...
[    1.794372] Freeing initrd memory: 5816K
[    1.794942] hw perfevents: enabled with armv8_cortex_a53 PMU driver, 7 counters available
[    1.795059] hw perfevents: enabled with armv8_cortex_a72 PMU driver, 7 counters available
[    1.796347] kvm [1]: 8-bit VMID
[    1.796368] kvm [1]: Hyp mode initialized successfully
[    1.796510] kvm [1]: interrupt-controller@fff20000 IRQ10
[    1.796729] kvm [1]: timer IRQ12
[    1.799866] audit: initializing netlink subsys (disabled)
[    1.799917] audit: type=2000 audit(1.720:1): initialized
[    1.800683] HugeTLB registered 2 MB page size, pre-allocated 0 pages
[    1.808110] VFS: Disk quotas dquot_6.6.0
[    1.808275] VFS: Dquot-cache hash table entries: 512 (order 0, 4096 bytes)
[    1.809696] squashfs: version 4.0 (2009/01/31) Phillip Lougher
[    1.810863] NFS: Registering the id_resolver key type
[    1.810906] Key type id_resolver registered
[    1.810926] Key type id_legacy registered
[    1.810955] Installing knfsd (copyright (C) 1996 okir@monad.swb.de).
[    1.811674] fuse init (API version 7.23)
[    1.812396] JFS: nTxBlock = 8192, nTxLock = 65536
[    1.817285] SGI XFS with ACLs, security attributes, realtime, no debug enabled
[    1.819640] Key type big_key registered
[    1.819740] 
               TEE Core Framework initialization (ver 1:0.1)
[    1.819784] TEE armv7 Driver initialization
[    1.820244] tz_tee_probe: name="armv7sec", id=0, pdev_name="armv7sec.0"
[    1.820269] TEE core: Alloc the misc device "opteearmtz00" (id=0)
[    1.820491] TEE Core: Register the misc device "opteearmtz00" (id=0,minor=62)
[    1.824641] NET: Registered protocol family 38
[    1.824678] Key type asymmetric registered
[    1.824701] Asymmetric key parser 'x509' registered
[    1.824900] Block layer SCSI generic (bsg) driver version 0.4 loaded (major 246)
[    1.825079] io scheduler noop registered
[    1.825104] io scheduler deadline registered (default)
[    1.825151] io scheduler cfq registered
[    1.826122] phy phy-ff770000.syscon:usb2-phy@e460.0: Looking up phy-supply from device tree
[    1.826212] vcc5v0_host: could not add device link phy-ff770000.syscon:usb2-phy@e460.0 err -2
[    1.826526] phy phy-ff770000.syscon:usb2-phy@e460.1: Looking up phy-supply from device tree
[    1.826538] phy phy-ff770000.syscon:usb2-phy@e460.1: Looking up phy-supply property in node /syscon@ff770000/usb2-phy@e460/otg-port failed
[    1.826761] phy phy-ff770000.syscon:usb2-phy@e460.1: Looking up vbus-supply from device tree
[    1.826772] phy phy-ff770000.syscon:usb2-phy@e460.1: Looking up vbus-supply property in node /syscon@ff770000/usb2-phy@e460/otg-port failed
[    1.826786] phy phy-ff770000.syscon:usb2-phy@e460.1: Failed to get VBUS supply regulator
[    1.828678] phy phy-ff770000.syscon:phy@f780.2: Looking up phy-supply from device tree
[    1.828690] phy phy-ff770000.syscon:phy@f780.2: Looking up phy-supply property in node /syscon@ff770000/phy@f780 failed
[    1.829507] rockchip-pm-domain ff310000.power-management:power-controller: Looking up pd_tcpc0-supply from device tree
[    1.829521] rockchip-pm-domain ff310000.power-management:power-controller: Looking up pd_tcpc0-supply property in node /power-management@ff310000/power-controller failed
[    1.829805] phy phy-ff800000.phy.3: Looking up phy-supply from device tree
[    1.829816] phy phy-ff800000.phy.3: Looking up phy-supply property in node /phy@ff800000/dp-port failed
[    1.829916] phy phy-ff800000.phy.4: Looking up phy-supply from device tree
[    1.829926] phy phy-ff800000.phy.4: Looking up phy-supply property in node /phy@ff800000/usb3-port failed
[    1.830023] rockchip-pm-domain ff310000.power-management:power-controller: Looking up pd_tcpc1-supply from device tree
[    1.830035] rockchip-pm-domain ff310000.power-management:power-controller: Looking up pd_tcpc1-supply property in node /power-management@ff310000/power-controller failed
[    1.832207] rk-vcodec ff650000.vpu_service: Looking up vcodec-supply from device tree
[    1.832219] rk-vcodec ff650000.vpu_service: Looking up vcodec-supply property in node /vpu_service@ff650000 failed
[    1.832235] rk-vcodec ff650000.vpu_service: no regulator for vcodec
[    1.832493] rk-vcodec ff650000.vpu_service: probe device
[    1.832728] rk-vcodec ff650000.vpu_service: drm allocator with mmu enabled
[    1.833288] rk-vcodec ff650000.vpu_service: could not find power_model node
[    1.833313] rk-vcodec ff650000.vpu_service: init success
[    1.833543] rk-vcodec ff660000.rkvdec: Looking up vcodec-supply from device tree
[    1.833555] rk-vcodec ff660000.rkvdec: Looking up vcodec-supply property in node /rkvdec@ff660000 failed
[    1.833570] rk-vcodec ff660000.rkvdec: no regulator for vcodec
[    1.834055] rk-vcodec ff660000.rkvdec: probe device
[    1.834265] rk-vcodec ff660000.rkvdec: drm allocator with mmu enabled
[    1.834646] rk-vcodec ff660000.rkvdec: could not find power_model node
[    1.834669] rk-vcodec ff660000.rkvdec: init success
[    1.836343] dma-pl330 ff6d0000.dma-controller: Loaded driver for PL330 DMAC-241330
[    1.836381] dma-pl330 ff6d0000.dma-controller: 	DBUFF-32x8bytes Num_Chans-6 Num_Peri-12 Num_Events-12
[    1.838104] dma-pl330 ff6e0000.dma-controller: Loaded driver for PL330 DMAC-241330
[    1.838141] dma-pl330 ff6e0000.dma-controller: 	DBUFF-128x8bytes Num_Chans-8 Num_Peri-20 Num_Events-16
[    1.838577] pwm-regulator vdd-log: GPIO lookup for consumer enable
[    1.838587] pwm-regulator vdd-log: using device tree for GPIO lookup
[    1.838598] of_get_named_gpiod_flags: can't parse 'enable-gpios' property of node '/vdd-log[0]'
[    1.838606] of_get_named_gpiod_flags: can't parse 'enable-gpio' property of node '/vdd-log[0]'
[    1.838614] pwm-regulator vdd-log: using lookup tables for GPIO lookup
[    1.838623] pwm-regulator vdd-log: lookup for GPIO enable failed
[    1.838647] pwm-regulator vdd-log: Looking up pwm-supply from device tree
[    1.838720] pwm-regulator: supplied by vcc_sys
[    1.838743] vcc_sys: could not add device link regulator.8 err -2
[    1.838815] vdd_log: 800 <--> 1400 mV at 896 mV 
[    1.839478] Serial: 8250/16550 driver, 5 ports, IRQ sharing disabled
[    1.840093] ff180000.serial: ttyS0 at MMIO 0xff180000 (irq = 36, base_baud = 1500000) is a 16550A
[    1.840604] ff1a0000.serial: ttyS2 at MMIO 0xff1a0000 (irq = 37, base_baud = 1500000) is a 16550A
[    1.965076] console [ttyS2] enabled
[    1.966551] [drm] Initialized drm 1.1.0 20060810
[    1.967671] rockchip-pm-domain ff310000.power-management:power-controller: Looking up pd_rga-supply from device tree
[    1.967686] rockchip-pm-domain ff310000.power-management:power-controller: Looking up pd_rga-supply property in node /power-management@ff310000/power-controller failed
[    1.972053] [drm] Rockchip DRM driver version: v1.0.1
[    1.973044] usbcore: registered new interface driver udl
[    1.975022] Unable to detect cache hierarchy for CPU 0
[    1.976325] brd: module loaded
[    1.981940] loop: module loaded
[    1.982267] lkdtm: No crash points registered, enable through debugfs
[    1.984376] rockchip-spi ff1d0000.spi: Failed to request TX DMA channel
[    1.984979] rockchip-spi ff1d0000.spi: Failed to request RX DMA channel
[    1.985574] rockchip-spi ff1d0000.spi: no high_speed pinctrl state
[    1.986639] m25p80 spi32766.0: unrecognized JEDEC id bytes: ff, ff, ff
[    1.988751] rk_gmac-dwmac fe300000.ethernet: Looking up phy-supply from device tree
[    1.988844] rk_gmac-dwmac fe300000.ethernet: clock input or output? (input).
[    1.989484] rk_gmac-dwmac fe300000.ethernet: TX delay(0x28).
[    1.989998] rk_gmac-dwmac fe300000.ethernet: RX delay(0x20).
[    1.990526] rk_gmac-dwmac fe300000.ethernet: integrated PHY? (no).
[    1.991260] rk_gmac-dwmac fe300000.ethernet: cannot get clock clk_mac_speed
[    1.991910] rk_gmac-dwmac fe300000.ethernet: clock input from PHY
[    1.997466] rk_gmac-dwmac fe300000.ethernet: init for RGMII
[    1.998095] stmmac - user ID: 0x10, Synopsys ID: 0x35
[    1.998554]  Ring mode enabled
[    1.998837]  DMA HW capability register supported
[    1.999239]  Normal descriptors
[    1.999570]  RX Checksum Offload Engine supported (type 2)
[    2.000065]  TX Checksum insertion supported
[    2.000452]  Wake-Up On Lan supported
[    2.000823]  Enable RX Mitigation via HW Watchdog Timer
[    2.001398] of_get_named_gpiod_flags: parsed 'snps,reset-gpio' property of node '/ethernet@fe300000[0]' - status (0)
[    2.079476] libphy: stmmac: probed
[    2.079825] eth%d: PHY ID 001cc915 at 0 IRQ POLL (stmmac-0:00) active
[    2.080417] eth%d: PHY ID 001cc915 at 1 IRQ POLL (stmmac-0:01)
[    2.083147] Rockchip WiFi SYS interface (V1.00) ... 
[    2.083756] usbcore: registered new interface driver cdc_ether
[    2.084342] usbcore: registered new interface driver rndis_host
[    2.086810] rockchip-dwc3 usb0: failed to get drvdata dwc3
[    2.087477] rockchip-pm-domain ff310000.power-management:power-controller: Looking up pd_usb3-supply from device tree
[    2.087494] rockchip-pm-domain ff310000.power-management:power-controller: Looking up pd_usb3-supply property in node /power-management@ff310000/power-controller failed
[    2.092446] rockchip-dwc3 usb1: fail to get drvdata hcd
[    2.094595] ehci_hcd: USB 2.0 'Enhanced' Host Controller (EHCI) Driver
[    2.095204] ehci-pci: EHCI PCI platform driver
[    2.095691] ehci-platform: EHCI generic platform driver
[    2.100246] ehci-platform fe3c0000.usb: EHCI Host Controller
[    2.101094] ehci-platform fe3c0000.usb: new USB bus registered, assigned bus number 1
[    2.101965] ehci-platform fe3c0000.usb: irq 30, io mem 0xfe3c0000
[    2.111343] ehci-platform fe3c0000.usb: USB 2.0 started, EHCI 1.00
[    2.112145] usb usb1: New USB device found, idVendor=1d6b, idProduct=0002
[    2.112771] usb usb1: New USB device strings: Mfr=3, Product=2, SerialNumber=1
[    2.113449] usb usb1: Product: EHCI Host Controller
[    2.113907] usb usb1: Manufacturer: Linux 4.4.167-1169-rockchip-ayufan-g3cde5c624c9c ehci_hcd
[    2.114699] usb usb1: SerialNumber: fe3c0000.usb
[    2.115809] hub 1-0:1.0: USB hub found
[    2.116197] hub 1-0:1.0: 1 port detected
[    2.117450] ohci_hcd: USB 1.1 'Open' Host Controller (OHCI) Driver
[    2.118038] ohci-platform: OHCI generic platform driver
[    2.119225] ohci-platform fe3e0000.usb: Generic Platform OHCI controller
[    2.120142] ohci-platform fe3e0000.usb: new USB bus registered, assigned bus number 2
[    2.120988] ohci-platform fe3e0000.usb: irq 31, io mem 0xfe3e0000
[    2.179486] usb usb2: New USB device found, idVendor=1d6b, idProduct=0001
[    2.180103] usb usb2: New USB device strings: Mfr=3, Product=2, SerialNumber=1
[    2.180762] usb usb2: Product: Generic Platform OHCI controller
[    2.181298] usb usb2: Manufacturer: Linux 4.4.167-1169-rockchip-ayufan-g3cde5c624c9c ohci_hcd
[    2.182069] usb usb2: SerialNumber: fe3e0000.usb
[    2.182947] hub 2-0:1.0: USB hub found
[    2.183349] hub 2-0:1.0: 1 port detected
[    2.185738] usbcore: registered new interface driver iforce
[    2.186301] usbcore: registered new interface driver xpad
[    2.187101] usbcore: registered new interface driver usbtouchscreen
[    2.187950] .. rk pwm remotectl v1.1 init
[    2.188557] input: ff420030.pwm as /devices/platform/ff420030.pwm/input/input0
[    2.190093] i2c /dev entries driver
[    2.191183] fan53555-regulator 0-0040: GPIO lookup for consumer vsel
[    2.191193] fan53555-regulator 0-0040: using device tree for GPIO lookup
[    2.191222] of_get_named_gpiod_flags: parsed 'vsel-gpios' property of node '/i2c@ff3c0000/syr827@40[0]' - status (0)
[    2.191619] fan53555-regulator 0-0040: FAN53555 Option[8] Rev[1] Detected!
[    2.192248] fan53555-regulator 0-0040: Looking up vin-supply from device tree
[    2.192299] fan53555-reg: supplied by vcc_sys
[    2.192700] vcc_sys: could not add device link regulator.9 err -2
[    2.194067] vdd_cpu_b: 712 <--> 1500 mV at 1000 mV 
[    2.194647] fan53555-regulator 0-0041: GPIO lookup for consumer vsel
[    2.194656] fan53555-regulator 0-0041: using device tree for GPIO lookup
[    2.194683] of_get_named_gpiod_flags: parsed 'vsel-gpios' property of node '/i2c@ff3c0000/syr828@41[0]' - status (0)
[    2.195030] fan53555-regulator 0-0041: FAN53555 Option[8] Rev[1] Detected!
[    2.195674] fan53555-regulator 0-0041: Looking up vin-supply from device tree
[    2.195713] fan53555-reg: supplied by vcc_sys
[    2.196114] vcc_sys: could not add device link regulator.10 err -2
[    2.197726] vdd_gpu: 712 <--> 1500 mV at 1000 mV 
[    2.198647] rk808 0-001b: Pmic Chip id: 0x0
[    2.202276] rk808 0-001b: GPIO lookup for consumer dvs
[    2.202285] rk808 0-001b: using device tree for GPIO lookup
[    2.202295] of_get_named_gpiod_flags: can't parse 'dvs-gpios' property of node '/i2c@ff3c0000/pmic@1b[0]'
[    2.202304] of_get_named_gpiod_flags: can't parse 'dvs-gpio' property of node '/i2c@ff3c0000/pmic@1b[0]'
[    2.202311] rk808 0-001b: using lookup tables for GPIO lookup
[    2.202319] rk808 0-001b: lookup for GPIO dvs failed
[    2.202328] rk808-regulator rk808-regulator: there is no dvs0 gpio
[    2.202888] rk808 0-001b: GPIO lookup for consumer dvs
[    2.202895] rk808 0-001b: using device tree for GPIO lookup
[    2.202904] of_get_named_gpiod_flags: can't parse 'dvs-gpios' property of node '/i2c@ff3c0000/pmic@1b[1]'
[    2.202912] of_get_named_gpiod_flags: can't parse 'dvs-gpio' property of node '/i2c@ff3c0000/pmic@1b[1]'
[    2.202919] rk808 0-001b: using lookup tables for GPIO lookup
[    2.202926] rk808 0-001b: lookup for GPIO dvs failed
[    2.202934] rk808-regulator rk808-regulator: there is no dvs1 gpio
[    2.203545] rk808 0-001b: Looking up vcc1-supply from device tree
[    2.203597] DCDC_REG1: supplied by vcc_sys
[    2.203975] vcc_sys: could not add device link regulator.11 err -2
[    2.204436] vdd_center: 750 <--> 1350 mV at 900 mV 
[    2.204680] rk808 0-001b: Looking up vcc2-supply from device tree
[    2.204718] DCDC_REG2: supplied by vcc_sys
[    2.205096] vcc_sys: could not add device link regulator.12 err -2
[    2.205393] vdd_cpu_l: 750 <--> 1350 mV at 900 mV 
[    2.205626] rk808 0-001b: Looking up vcc3-supply from device tree
[    2.205664] DCDC_REG3: supplied by vcc_sys
[    2.206043] vcc_sys: could not add device link regulator.13 err -2
[    2.206075] vcc_ddr: at 5000 mV 
[    2.206285] rk808 0-001b: Looking up vcc4-supply from device tree
[    2.206322] DCDC_REG4: supplied by vcc_sys
[    2.206699] vcc_sys: could not add device link regulator.14 err -2
[    2.206878] vcc_1v8: 1800 mV 
[    2.207121] rk808 0-001b: Looking up vcc6-supply from device tree
[    2.207159] LDO_REG1: supplied by vcc_sys
[    2.207547] vcc_sys: could not add device link regulator.15 err -2
[    2.208385] vcc1v8_dvp: 1800 mV 
[    2.208631] rk808 0-001b: Looking up vcc6-supply from device tree
[    2.208668] LDO_REG2: supplied by vcc_sys
[    2.209039] vcc_sys: could not add device link regulator.16 err -2
[    2.209731] vcc3v0_touch: 3000 mV 
[    2.209983] rk808 0-001b: Looking up vcc7-supply from device tree
[    2.210021] LDO_REG3: supplied by vcc_sys
[    2.210392] vcc_sys: could not add device link regulator.17 err -2
[    2.211085] vcc1v8_pmu: 1800 mV 
[    2.211343] rk808 0-001b: Looking up vcc9-supply from device tree
[    2.211379] LDO_REG4: supplied by vcc_sys
[    2.211753] vcc_sys: could not add device link regulator.18 err -2
[    2.212461] vcc_sd: 1800 <--> 3300 mV at 3300 mV 
[    2.212702] rk808 0-001b: Looking up vcc9-supply from device tree
[    2.212739] LDO_REG5: supplied by vcc_sys
[    2.213110] vcc_sys: could not add device link regulator.19 err -2
[    2.213802] vcca3v0_codec: 3000 mV 
[    2.214052] rk808 0-001b: Looking up vcc10-supply from device tree
[    2.214089] LDO_REG6: supplied by vcc_sys
[    2.214460] vcc_sys: could not add device link regulator.20 err -2
[    2.215153] vcc_1v5: 1500 mV 
[    2.215672] rk808 0-001b: Looking up vcc7-supply from device tree
[    2.215715] LDO_REG7: supplied by vcc_sys
[    2.216087] vcc_sys: could not add device link regulator.21 err -2
[    2.216785] vcca1v8_codec: 1800 mV 
[    2.217047] rk808 0-001b: Looking up vcc11-supply from device tree
[    2.217084] LDO_REG8: supplied by vcc_sys
[    2.217455] vcc_sys: could not add device link regulator.22 err -2
[    2.218150] vcc_3v0: 3000 mV 
[    2.218411] rk808 0-001b: Looking up vcc8-supply from device tree
[    2.218450] SWITCH_REG1: supplied by vcc3v3_sys
[    2.218866] vcc3v3_sys: could not add device link regulator.23 err -2
[    2.218899] vcc3v3_s3: at 3300 mV 
[    2.219128] rk808 0-001b: Looking up vcc12-supply from device tree
[    2.219165] SWITCH_REG2: supplied by vcc3v3_sys
[    2.219602] vcc3v3_sys: could not add device link regulator.24 err -2
[    2.219753] vcc3v3_s0: at 3300 mV 
[    2.223109] rk808-rtc rk808-rtc: rtc core: registered rk808-rtc as rtc0
[    2.224151] rk3x-i2c ff3c0000.i2c: Initialized RK3xxx I2C bus at ffffff8009cfc000
[    2.225472] rk3x-i2c ff110000.i2c: Initialized RK3xxx I2C bus at ffffff8009cfe000
[    2.226911] fusb302 4-0022: GPIO lookup for consumer int-n
[    2.226921] fusb302 4-0022: using device tree for GPIO lookup
[    2.226953] of_get_named_gpiod_flags: parsed 'int-n-gpios' property of node '/i2c@ff3d0000/fusb30x@22[0]' - status (0)
[    2.226979] fusb302 4-0022: GPIO lookup for consumer vbus-5v
[    2.226987] fusb302 4-0022: using device tree for GPIO lookup
[    2.227012] of_get_named_gpiod_flags: parsed 'vbus-5v-gpios' property of node '/i2c@ff3d0000/fusb30x@22[0]' - status (0)
[    2.227035] fusb302 4-0022: GPIO lookup for consumer vbus-other
[    2.227042] fusb302 4-0022: using device tree for GPIO lookup
[    2.227051] of_get_named_gpiod_flags: can't parse 'vbus-other-gpios' property of node '/i2c@ff3d0000/fusb30x@22[0]'
[    2.227060] of_get_named_gpiod_flags: can't parse 'vbus-other-gpio' property of node '/i2c@ff3d0000/fusb30x@22[0]'
[    2.227067] fusb302 4-0022: using lookup tables for GPIO lookup
[    2.227075] fusb302 4-0022: lookup for GPIO vbus-other failed
[    2.227083] fusb302 4-0022: GPIO lookup for consumer discharge
[    2.227089] fusb302 4-0022: using device tree for GPIO lookup
[    2.227098] of_get_named_gpiod_flags: can't parse 'discharge-gpios' property of node '/i2c@ff3d0000/fusb30x@22[0]'
[    2.227105] of_get_named_gpiod_flags: can't parse 'discharge-gpio' property of node '/i2c@ff3d0000/fusb30x@22[0]'
[    2.227112] fusb302 4-0022: using lookup tables for GPIO lookup
[    2.227119] fusb302 4-0022: lookup for GPIO discharge failed
[    2.227309] fusb302 4-0022: Can't get property of role, set role to default DRP
[    2.236282] fusb302 4-0022: port 0 probe success with role ROLE_MODE_DRP, try_role ROLE_MODE_NONE
[    2.237113] rk3x-i2c ff3d0000.i2c: Initialized RK3xxx I2C bus at ffffff8009d42000
[    2.238869] IR NEC protocol handler initialized
[    2.239315] IR RC5(x/sz) protocol handler initialized
[    2.239776] IR RC6 protocol handler initialized
[    2.240191] IR JVC protocol handler initialized
[    2.240606] IR Sony protocol handler initialized
[    2.241030] IR SANYO protocol handler initialized
[    2.241460] IR Sharp protocol handler initialized
[    2.241890] IR MCE Keyboard/mouse protocol handler initialized
[    2.242418] IR XMP protocol handler initialized
[    2.242946] Error: Driver 'rockchip-rga' is already registered, aborting...
[    2.244182] usbcore: registered new interface driver uvcvideo
[    2.244701] USB Video Class driver (1.1.1)
[    2.245619] rockchip-iodomain ff320000.syscon:io-domains: Looking up pmu1830-supply from device tree
[    2.245822] rockchip-iodomain ff770000.syscon:io-domains: Looking up bt656-supply from device tree
[    2.245922] rockchip-iodomain ff770000.syscon:io-domains: Looking up audio-supply from device tree
[    2.245987] rockchip-iodomain ff770000.syscon:io-domains: Looking up sdmmc-supply from device tree
[    2.246056] rockchip-iodomain ff770000.syscon:io-domains: Looking up gpio1830-supply from device tree
[    2.248365] rk_tsadcv2_temp_to_code: Invalid conversion table: code=1023, temperature=2147483647
[    2.249335] rockchip-thermal ff260000.tsadc: tsadc is probed successfully!
[    2.251108] device-mapper: ioctl: 4.34.0-ioctl (2015-10-28) initialised: dm-devel@redhat.com
[    2.251899] Bluetooth: Virtual HCI driver ver 1.5
[    2.252450] Bluetooth: HCI UART driver ver 2.3
[    2.252858] Bluetooth: HCI UART protocol H4 registered
[    2.253324] Bluetooth: HCI UART protocol LL registered
[    2.253789] Bluetooth: HCI UART protocol ATH3K registered
[    2.254340] usbcore: registered new interface driver bfusb
[    2.254886] usbcore: registered new interface driver btusb
[    2.255872] cpu cpu0: bin=1
[    2.256188] cpu cpu0: leakage=26
[    2.256510] cpu cpu0: Looking up cpu-supply from device tree
[    2.257342] cpu cpu0: Failed to get pvtm
[    2.257753] cpu cpu0: bin-scale=34
[    2.258293] cpu cpu4: bin=1
[    2.258602] cpu cpu4: leakage=44
[    2.258920] cpu cpu4: Looking up cpu-supply from device tree
[    2.259563] cpu cpu4: Failed to get pvtm
[    2.259966] cpu cpu4: bin-scale=17
[    2.260504] cpu cpu0: Looking up cpu-supply from device tree
[    2.260788] cpu cpu0: Looking up cpu-supply from device tree
[    2.261380] cpu cpu0: avs=0, target-scale=34
[    2.261786] cpu cpu0: scale_rate=1416000000
[    2.262318] cpu cpu0: l=0 h=2147483647 hyst=5000 l_limit=0 h_limit=0
[    2.263544] cpu cpu4: Looking up cpu-supply from device tree
[    2.264191] cpu cpu4: avs=0, target-scale=17
[    2.264599] cpu cpu4: scale_rate=1800000000
[    2.265129] cpu cpu4: l=0 h=2147483647 hyst=5000 l_limit=0 h_limit=0
[    2.267713] sdhci: Secure Digital Host Controller Interface driver
[    2.268271] sdhci: Copyright(c) Pierre Ossman
[    2.268673] Synopsys Designware Multimedia Card Interface Driver
[    2.270057] dwmmc_rockchip fe310000.dwmmc: deferring for a max of 2000ms while pcie port initializes. Waited 0ms so far.
[    2.271076] rockchip-pm-domain ff310000.power-management:power-controller: Looking up pd_sdioaudio-supply from device tree
[    2.271088] rockchip-pm-domain ff310000.power-management:power-controller: Looking up pd_sdioaudio-supply property in node /power-management@ff310000/power-controller failed
[    2.271780] dwmmc_rockchip fe320000.dwmmc: IDMAC supports 32-bit address mode.
[    2.272464] dwmmc_rockchip fe320000.dwmmc: Using internal DMA controller.
[    2.273080] dwmmc_rockchip fe320000.dwmmc: Version ID is 270a
[    2.273640] dwmmc_rockchip fe320000.dwmmc: DW MMC controller at irq 26,32 bit host data width,256 deep fifo
[    2.274540] dwmmc_rockchip fe320000.dwmmc: 'clock-freq-min-max' property was deprecated.
[    2.275277] dwmmc_rockchip fe320000.dwmmc: Looking up vmmc-supply from device tree
[    2.275332] dwmmc_rockchip fe320000.dwmmc: Looking up vmmc-supply property in node /dwmmc@fe320000 failed
[    2.275356] dwmmc_rockchip fe320000.dwmmc: Looking up vqmmc-supply from device tree
[    2.275423] dwmmc_rockchip fe320000.dwmmc: No vmmc regulator found
[    2.275995] dwmmc_rockchip fe320000.dwmmc: GPIO lookup for consumer cd
[    2.276002] dwmmc_rockchip fe320000.dwmmc: using device tree for GPIO lookup
[    2.276013] of_get_named_gpiod_flags: can't parse 'cd-gpios' property of node '/dwmmc@fe320000[0]'
[    2.276022] of_get_named_gpiod_flags: can't parse 'cd-gpio' property of node '/dwmmc@fe320000[0]'
[    2.276029] dwmmc_rockchip fe320000.dwmmc: using lookup tables for GPIO lookup
[    2.276038] dwmmc_rockchip fe320000.dwmmc: lookup for GPIO cd failed
[    2.276047] dwmmc_rockchip fe320000.dwmmc: GPIO lookup for consumer wp
[    2.276054] dwmmc_rockchip fe320000.dwmmc: using device tree for GPIO lookup
[    2.276062] of_get_named_gpiod_flags: can't parse 'wp-gpios' property of node '/dwmmc@fe320000[0]'
[    2.276071] of_get_named_gpiod_flags: can't parse 'wp-gpio' property of node '/dwmmc@fe320000[0]'
[    2.276078] dwmmc_rockchip fe320000.dwmmc: using lookup tables for GPIO lookup
[    2.276085] dwmmc_rockchip fe320000.dwmmc: lookup for GPIO wp failed
[    2.276243] rockchip-iodomain ff770000.syscon:io-domains: Setting to 3300000 done
[    2.276929] rockchip-iodomain ff770000.syscon:io-domains: Setting to 3300000 done
[    2.291349] mmc_host mmc0: Bus speed (slot 0) = 400000Hz (slot req 400000Hz, actual 400000HZ div = 0)
[    2.308568] dwmmc_rockchip fe320000.dwmmc: 1 slots initialized
[    2.311584] sdhci-pltfm: SDHCI platform and OF driver helper
[    2.313693] sdhci-arasan fe330000.sdhci: GPIO lookup for consumer wp
[    2.313704] sdhci-arasan fe330000.sdhci: using device tree for GPIO lookup
[    2.313715] of_get_named_gpiod_flags: can't parse 'wp-gpios' property of node '/sdhci@fe330000[0]'
[    2.313724] of_get_named_gpiod_flags: can't parse 'wp-gpio' property of node '/sdhci@fe330000[0]'
[    2.313731] sdhci-arasan fe330000.sdhci: using lookup tables for GPIO lookup
[    2.315763] sdhci-arasan fe330000.sdhci: lookup for GPIO wp failed
[    2.316881] sdhci-arasan fe330000.sdhci: Looking up vmmc-supply from device tree
[    2.316892] sdhci-arasan fe330000.sdhci: Looking up vmmc-supply property in node /sdhci@fe330000 failed
[    2.316923] sdhci-arasan fe330000.sdhci: Looking up vqmmc-supply from device tree
[    2.316932] sdhci-arasan fe330000.sdhci: Looking up vqmmc-supply property in node /sdhci@fe330000 failed
[    2.316952] sdhci-arasan fe330000.sdhci: No vmmc regulator found
[    2.317501] sdhci-arasan fe330000.sdhci: No vqmmc regulator found
[    2.351518] mmc1: SDHCI controller on fe330000.sdhci [fe330000.sdhci] using ADMA
[    2.353327] of_get_named_gpiod_flags: parsed 'gpios' property of node '/leds/work-led[0]' - status (0)
[    2.354621] of_get_named_gpiod_flags: parsed 'gpios' property of node '/leds/diy-led[0]' - status (0)
[    2.355768] hidraw: raw HID events driver (C) Jiri Kosina
[    2.360276] usbcore: registered new interface driver usbhid
[    2.360790] usbhid: USB HID core driver
[    2.365349] usbcore: registered new interface driver snd-usb-audio
[    2.366722] of_get_named_gpiod_flags: can't parse 'spk-con-gpio' property of node '/i2c@ff110000/es8316@11[0]'
[    2.366733] es8316 1-0011: Can not read property spk_ctl_gpio
[    2.367278] of_get_named_gpiod_flags: parsed 'hp-det-gpio' property of node '/i2c@ff110000/es8316@11[0]' - status (0)
[    2.369553] rockchip-iodomain ff770000.syscon:io-domains: Setting to 3300000 done
[    2.370529] vcc_sd: ramp_delay not set
[    2.370559] rockchip-iodomain ff770000.syscon:io-domains: Setting to 1800000 done
[    2.382074] u32 classifier
[    2.382355] Netfilter messages via NETLINK v0.30.
[    2.382835] ip_set: protocol 6
[    2.383347] Initializing XFRM netlink socket
[    2.384323] NET: Registered protocol family 10
[    2.385960] NET: Registered protocol family 17
[    2.386386] NET: Registered protocol family 15
[    2.386822] bridge: automatic filtering via arp/ip/ip6tables has been deprecated. Update your scripts to load br_netfilter if you need this.
[    2.388017] Bridge firewalling registered
[    2.388753] Bluetooth: RFCOMM socket layer initialized
[    2.389239] Bluetooth: RFCOMM ver 1.11
[    2.389593] Bluetooth: HIDP (Human Interface Emulation) ver 1.2
[    2.390132] Bluetooth: HIDP socket layer initialized
[    2.390641] 8021q: 802.1Q VLAN Support v1.8
[    2.391043] [WLAN_RFKILL]: Enter rfkill_wlan_init
[    2.391790] [WLAN_RFKILL]: Enter rfkill_wlan_probe
[    2.392270] [WLAN_RFKILL]: wlan_platdata_parse_dt: wifi_chip_type = ap6354
[    2.392889] [WLAN_RFKILL]: wlan_platdata_parse_dt: enable wifi power control.
[    2.393528] [WLAN_RFKILL]: wlan_platdata_parse_dt: wifi power controled by gpio.
[    2.394131] mmc1: MAN_BKOPS_EN bit is not set
[    2.394598] of_get_named_gpiod_flags: can't parse 'WIFI,poweren_gpio' property of node '/wireless-wlan[0]'
[    2.394607] of_get_named_gpiod_flags: can't parse 'WIFI,vbat_gpio' property of node '/wireless-wlan[0]'
[    2.394614] of_get_named_gpiod_flags: can't parse 'WIFI,reset_gpio' property of node '/wireless-wlan[0]'
[    2.394650] of_get_named_gpiod_flags: parsed 'WIFI,host_wake_irq' property of node '/wireless-wlan[0]' - status (0)
[    2.394658] [WLAN_RFKILL]: wlan_platdata_parse_dt: get property: WIFI,host_wake_irq = 3, flags = 0.
[    2.395494] [WLAN_RFKILL]: wlan_platdata_parse_dt: The ref_wifi_clk not found !
[    2.396158] [WLAN_RFKILL]: rfkill_wlan_probe: init gpio
[    2.396633] [WLAN_RFKILL]: Exit rfkill_wlan_probe
[    2.397116] [BT_RFKILL]: Enter rfkill_rk_init
[    2.397885] of_get_named_gpiod_flags: parsed 'uart_rts_gpios' property of node '/wireless-bluetooth[0]' - status (0)
[    2.397894] [BT_RFKILL]: bluetooth_platdata_parse_dt: get property: uart_rts_gpios = 83.
[    2.398633] of_get_named_gpiod_flags: can't parse 'BT,power_gpio' property of node '/wireless-bluetooth[0]'
[    2.398658] of_get_named_gpiod_flags: parsed 'BT,reset_gpio' property of node '/wireless-bluetooth[0]' - status (0)
[    2.398664] [BT_RFKILL]: bluetooth_platdata_parse_dt: get property: BT,reset_gpio = 9.
[    2.399418] of_get_named_gpiod_flags: parsed 'BT,wake_gpio' property of node '/wireless-bluetooth[0]' - status (0)
[    2.399425] [BT_RFKILL]: bluetooth_platdata_parse_dt: get property: BT,wake_gpio = 91.
[    2.400159] of_get_named_gpiod_flags: parsed 'BT,wake_host_irq' property of node '/wireless-bluetooth[0]' - status (0)
[    2.400166] [BT_RFKILL]: bluetooth_platdata_parse_dt: get property: BT,wake_host_irq = 4.
[    2.401476] [BT_RFKILL]: Request irq for bt wakeup host
[    2.401635] mmc_host mmc0: Bus speed (slot 0) = 150000000Hz (slot req 150000000Hz, actual 150000000HZ div = 0)
[    2.402893] [BT_RFKILL]: ** disable irq
[    2.403414] [BT_RFKILL]: bt_default device registered.
[    2.403954] Key type dns_resolver registered
[    2.404943] Registered cp15_barrier emulation handler
[    2.405477] Registered setend emulation handler
[    2.406618] mmc1: new HS200 MMC card at address 0001
[    2.406646] registered taskstats version 1
[    2.408628] mmcblk1: mmc1:0001 AJTD4R 14.6 GiB 
[    2.409204] Btrfs loaded, integrity-checker=on
[    2.409539] mmcblk1boot0: mmc1:0001 AJTD4R partition 1 4.00 MiB
[    2.409935] mmcblk1boot1: mmc1:0001 AJTD4R partition 2 4.00 MiB
[    2.410541] mmcblk1rpmb: mmc1:0001 AJTD4R partition 3 4.00 MiB
[    2.411257] BTRFS: selftest: Running btrfs free space cache tests
[    2.411840] BTRFS: selftest: Running extent only tests
[    2.412314] BTRFS: selftest: Running bitmap only tests
[    2.412786] BTRFS: selftest: Running bitmap and extent tests
[    2.413310] BTRFS: selftest: Running space stealing from bitmap to extent
[    2.414513] BTRFS: selftest: Free space cache tests finished
[    2.415019] BTRFS: selftest: Running extent buffer operation tests
[    2.415560] BTRFS: selftest: Running btrfs_split_item tests
[    2.416134] BTRFS: selftest: Running find delalloc tests
[    2.573741] BTRFS: selftest: Running btrfs_get_extent tests
[    2.574359] BTRFS: selftest: Running hole first btrfs_get_extent test
[    2.574941] BTRFS: selftest: Running outstanding_extents tests
[    2.575503] BTRFS: selftest: Running qgroup tests
[    2.575920] BTRFS: selftest: Qgroup basic add
[    2.576345] BTRFS: selftest: Qgroup multiple refs test
[    2.624430] Key type encrypted registered
[    2.625898] phy phy-ff770000.syscon:usb2-phy@e450.5: Looking up phy-supply from device tree
[    2.626033] vcc5v0_host: could not add device link phy-ff770000.syscon:usb2-phy@e450.5 err -2
[    2.626637] phy phy-ff770000.syscon:usb2-phy@e450.6: Looking up phy-supply from device tree
[    2.626661] phy phy-ff770000.syscon:usb2-phy@e450.6: Looking up phy-supply property in node /syscon@ff770000/usb2-phy@e450/otg-port failed
[    2.627102] phy phy-ff770000.syscon:usb2-phy@e450.6: Looking up vbus-supply from device tree
[    2.627125] phy phy-ff770000.syscon:usb2-phy@e450.6: Looking up vbus-supply property in node /syscon@ff770000/usb2-phy@e450/otg-port failed
[    2.627170] phy phy-ff770000.syscon:usb2-phy@e450.6: Failed to get VBUS supply regulator
[    2.629613] phy phy-ff7c0000.phy.7: Looking up phy-supply from device tree
[    2.629637] phy phy-ff7c0000.phy.7: Looking up phy-supply property in node /phy@ff7c0000/dp-port failed
[    2.629870] phy phy-ff7c0000.phy.8: Looking up phy-supply from device tree
[    2.629890] phy phy-ff7c0000.phy.8: Looking up phy-supply property in node /phy@ff7c0000/usb3-port failed
[    2.631999] rockchip-drm display-subsystem: devfreq is not set
[    2.633121] rockchip-vop ff900000.vop: missing rockchip,grf property
[    2.634231] rockchip-drm display-subsystem: bound ff900000.vop (ops 0xffffff8008d65690)
[    2.635069] rockchip-vop ff8f0000.vop: missing rockchip,grf property
[    2.636188] rockchip-drm display-subsystem: bound ff8f0000.vop (ops 0xffffff8008d65690)
[    2.637828] i2c i2c-9: of_i2c: modalias failure on /hdmi@ff940000/ports
[    2.638500] dwhdmi-rockchip ff940000.hdmi: registered DesignWare HDMI I2C bus driver
[    2.639533] dwhdmi-rockchip ff940000.hdmi: Detected HDMI TX controller v2.11a with HDCP (DWC HDMI 2.0 TX PHY)
[    2.645558] rockchip-drm display-subsystem: bound ff940000.hdmi (ops 0xffffff8008d59ce8)
[    2.648453] i2c i2c-10: of_i2c: modalias failure on /dp@fec00000/ports
[    2.650213] rockchip-drm display-subsystem: bound fec00000.dp (ops 0xffffff8008d5acc0)
[    2.651241] cdn-dp fec00000.dp: Direct firmware load for rockchip/dptx.bin failed with error -2
[    2.652186] [drm] Supports vblank timestamp caching Rev 2 (21.10.2013).
[    2.652826] [drm] No driver support for vblank timestamp query.
[    2.653828] rockchip-drm display-subsystem: failed to parse loader memory
[    2.654523] rockchip-drm display-subsystem: No connectors reported connected with modes
[    2.655436] [drm] Cannot find any crtc or sizes - going 1024x768
[    2.671635] dwmmc_rockchip fe320000.dwmmc: Successfully tuned phase to 262
[    2.671670] mmc0: new ultra high speed SDR104 SDHC card at address aaaa
[    2.672775] mmcblk0: mmc0:aaaa SB32G 29.7 GiB 
[    2.682162] GPT:Primary header thinks Alt. header is not at the end of the disk.
[    2.682169] GPT:4188159 != 62333951
[    2.682173] GPT:Alternate GPT header not at the end of the disk.
[    2.682178] GPT:4188159 != 62333951
[    2.682181] GPT: Use GNU Parted to correct GPT errors.
[    2.682248]  mmcblk0: p1 p2 p3 p4 p5 p6 p7
[    2.684894] Console: switching to colour frame buffer device 128x48
[    2.704034] rockchip-drm display-subsystem: fb0:  frame buffer device
[    2.722320] xhci-hcd xhci-hcd.7.auto: xHCI Host Controller
[    2.723359] xhci-hcd xhci-hcd.7.auto: new USB bus registered, assigned bus number 3
[    2.724353] xhci-hcd xhci-hcd.7.auto: hcc params 0x0220fe64 hci version 0x110 quirks 0x06030010
[    2.725365] xhci-hcd xhci-hcd.7.auto: irq 229, io mem 0xfe800000
[    2.726273] usb usb3: New USB device found, idVendor=1d6b, idProduct=0002
[    2.727030] usb usb3: New USB device strings: Mfr=3, Product=2, SerialNumber=1
[    2.727867] usb usb3: Product: xHCI Host Controller
[    2.728414] usb usb3: Manufacturer: Linux 4.4.167-1169-rockchip-ayufan-g3cde5c624c9c xhci-hcd
[    2.729354] usb usb3: SerialNumber: xhci-hcd.7.auto
[    2.730624] hub 3-0:1.0: USB hub found
[    2.731075] hub 3-0:1.0: 1 port detected
[    2.731867] xhci-hcd xhci-hcd.7.auto: xHCI Host Controller
[    2.732841] xhci-hcd xhci-hcd.7.auto: new USB bus registered, assigned bus number 4
[    2.739478] usb usb4: We don't know the algorithms for LPM for this host, disabling LPM.
[    2.746197] usb usb4: New USB device found, idVendor=1d6b, idProduct=0003
[    2.752619] usb usb4: New USB device strings: Mfr=3, Product=2, SerialNumber=1
[    2.759044] usb usb4: Product: xHCI Host Controller
[    2.765216] usb usb4: Manufacturer: Linux 4.4.167-1169-rockchip-ayufan-g3cde5c624c9c xhci-hcd
[    2.771777] usb usb4: SerialNumber: xhci-hcd.7.auto
[    2.779053] hub 4-0:1.0: USB hub found
[    2.784282] hub 4-0:1.0: 1 port detected
[    2.790704] xhci-hcd xhci-hcd.7.auto: remove, state 1
[    2.795848] usb usb4: USB disconnect, device number 1
[    2.820560] xhci-hcd xhci-hcd.7.auto: Host not halted after 16000 microseconds.
[    2.825861] xhci-hcd xhci-hcd.7.auto: Host controller not halted, aborting reset.
[    2.831142] xhci-hcd xhci-hcd.7.auto: USB bus 4 deregistered
[    2.836665] xhci-hcd xhci-hcd.7.auto: remove, state 1
[    2.841590] usb usb3: USB disconnect, device number 1
[    2.848073] xhci-hcd xhci-hcd.7.auto: USB bus 3 deregistered
[    2.860975] xhci-hcd xhci-hcd.8.auto: xHCI Host Controller
[    2.867454] xhci-hcd xhci-hcd.8.auto: new USB bus registered, assigned bus number 3
[    2.873880] xhci-hcd xhci-hcd.8.auto: hcc params 0x0220fe64 hci version 0x110 quirks 0x06030010
[    2.880282] xhci-hcd xhci-hcd.8.auto: irq 230, io mem 0xfe900000
[    2.886865] usb usb3: New USB device found, idVendor=1d6b, idProduct=0002
[    2.893086] usb usb3: New USB device strings: Mfr=3, Product=2, SerialNumber=1
[    2.899257] usb usb3: Product: xHCI Host Controller
[    2.905153] usb usb3: Manufacturer: Linux 4.4.167-1169-rockchip-ayufan-g3cde5c624c9c xhci-hcd
[    2.911467] usb usb3: SerialNumber: xhci-hcd.8.auto
[    2.918318] hub 3-0:1.0: USB hub found
[    2.921437] hub 3-0:1.0: 1 port detected
[    2.924751] xhci-hcd xhci-hcd.8.auto: xHCI Host Controller
[    2.928103] xhci-hcd xhci-hcd.8.auto: new USB bus registered, assigned bus number 4
[    2.931545] usb usb4: We don't know the algorithms for LPM for this host, disabling LPM.
[    2.935079] usb usb4: New USB device found, idVendor=1d6b, idProduct=0003
[    2.938463] usb usb4: New USB device strings: Mfr=3, Product=2, SerialNumber=1
[    2.941858] usb usb4: Product: xHCI Host Controller
[    2.945035] usb usb4: Manufacturer: Linux 4.4.167-1169-rockchip-ayufan-g3cde5c624c9c xhci-hcd
[    2.948577] usb usb4: SerialNumber: xhci-hcd.8.auto
[    2.952302] hub 4-0:1.0: USB hub found
[    2.955465] hub 4-0:1.0: 1 port detected
[    2.962847] ehci-platform fe380000.usb: EHCI Host Controller
[    2.965729] ehci-platform fe380000.usb: new USB bus registered, assigned bus number 5
[    2.968751] ehci-platform fe380000.usb: irq 28, io mem 0xfe380000
[    2.983313] ehci-platform fe380000.usb: USB 2.0 started, EHCI 1.00
[    2.986147] usb usb5: New USB device found, idVendor=1d6b, idProduct=0002
[    2.988917] usb usb5: New USB device strings: Mfr=3, Product=2, SerialNumber=1
[    2.991698] usb usb5: Product: EHCI Host Controller
[    2.994262] usb usb5: Manufacturer: Linux 4.4.167-1169-rockchip-ayufan-g3cde5c624c9c ehci_hcd
[    2.997224] usb usb5: SerialNumber: fe380000.usb
[    3.000200] hub 5-0:1.0: USB hub found
[    3.002747] hub 5-0:1.0: 1 port detected
[    3.004344] rockchip-vop ff900000.vop: [drm:vop_crtc_enable] Update mode to 1024x768p75, type: 11
[    3.009076] ohci-platform fe3a0000.usb: Generic Platform OHCI controller
[    3.012230] ohci-platform fe3a0000.usb: new USB bus registered, assigned bus number 6
[    3.014859] ohci-platform fe3a0000.usb: irq 29, io mem 0xfe3a0000
[    3.075789] usb usb6: New USB device found, idVendor=1d6b, idProduct=0001
[    3.088675] usb usb6: New USB device strings: Mfr=3, Product=2, SerialNumber=1
[    3.101576] usb usb6: Product: Generic Platform OHCI controller
[    3.114497] usb usb6: Manufacturer: Linux 4.4.167-1169-rockchip-ayufan-g3cde5c624c9c ohci_hcd
[    3.127912] usb usb6: SerialNumber: fe3a0000.usb
[    3.142533] hub 6-0:1.0: USB hub found
[    3.147989] hub 6-0:1.0: 1 port detected
[    3.154927] dwmmc_rockchip fe310000.dwmmc: deferring for a max of 2000ms while pcie port initializes. Waited 885ms so far.
[    3.162057] of_get_named_gpiod_flags: can't parse 'simple-audio-card,hp-det-gpio' property of node '/spdif-sound[0]'
[    3.162066] of_get_named_gpiod_flags: can't parse 'simple-audio-card,mic-det-gpio' property of node '/spdif-sound[0]'
[    3.162349] rockchip-spdif ff870000.spdif: Missing dma channel for stream: 0
[    3.167506] rockchip-spdif ff870000.spdif: ASoC: pcm constructor failed: -22
[    3.172577] asoc-simple-card spdif-sound: ASoC: can't create pcm ff870000.spdif-dit-hifi :-22
[    3.177848] asoc-simple-card spdif-sound: ASoC: failed to instantiate card -22
[    3.183223] asoc-simple-card: probe of spdif-sound failed with error -22
[    3.188985] of_get_named_gpiod_flags: can't parse 'simple-audio-card,hp-det-gpio' property of node '/es8316-sound[0]'
[    3.188994] of_get_named_gpiod_flags: can't parse 'simple-audio-card,mic-det-gpio' property of node '/es8316-sound[0]'
[    3.311622] asoc-simple-card es8316-sound: ES8316 HiFi <-> ff890000.i2s mapping ok
[    3.325798] asoc-simple-card es8316-sound: ASoC: no source widget found for MICBIAS1
[    3.339826] asoc-simple-card es8316-sound: ASoC: Failed to add route MICBIAS1 -> direct -> Mic Jack
[    3.353996] asoc-simple-card es8316-sound: ASoC: no sink widget found for IN1P
[    3.367923] asoc-simple-card es8316-sound: ASoC: Failed to add route Mic Jack -> direct -> IN1P
[    3.386721] es8316 1-0011: ASoC: Failed to create Left Hp mixer debugfs file
[    3.392826] es8316 1-0011: ASoC: Failed to create Right Hp mixer debugfs file
[    3.399190] es8316 1-0011: ASoC: Failed to create HPCP L debugfs file
[    3.405664] es8316 1-0011: ASoC: Failed to create HPCP R debugfs file
[    3.412025] es8316 1-0011: ASoC: Failed to create HPVOL L debugfs file
[    3.418197] es8316 1-0011: ASoC: Failed to create HPVOL R debugfs file
[    3.429361] dwmmc_rockchip fe310000.dwmmc: deferring for a max of 2000ms while pcie port initializes. Waited 1160ms so far.
[    3.436109] rockchip-pm-domain ff310000.power-management:power-controller: Looking up pd_vopl-supply from device tree
[    3.436140] rockchip-pm-domain ff310000.power-management:power-controller: Looking up pd_vopl-supply property in node /power-management@ff310000/power-controller failed
[    3.436296] rockchip-pm-domain ff310000.power-management:power-controller: Looking up pd_isp1-supply from device tree
[    3.436319] rockchip-pm-domain ff310000.power-management:power-controller: Looking up pd_isp1-supply property in node /power-management@ff310000/power-controller failed
[    3.436451] rockchip-pm-domain ff310000.power-management:power-controller: Looking up pd_isp0-supply from device tree
[    3.436472] rockchip-pm-domain ff310000.power-management:power-controller: Looking up pd_isp0-supply property in node /power-management@ff310000/power-controller failed
[    3.436571] rockchip-pm-domain ff310000.power-management:power-controller: Looking up pd_edp-supply from device tree
[    3.436591] rockchip-pm-domain ff310000.power-management:power-controller: Looking up pd_edp-supply property in node /power-management@ff310000/power-controller failed
[    3.436666] rockchip-pm-domain ff310000.power-management:power-controller: Looking up pd_gpu-supply from device tree
[    3.436687] rockchip-pm-domain ff310000.power-management:power-controller: Looking up pd_gpu-supply property in node /power-management@ff310000/power-controller failed
[    3.436880] rk808-rtc rk808-rtc: setting system clock to 2013-01-18 08:50:11 UTC (1358499011)
[    3.443437] of_cfs_init
[    3.449448] rockchip-pm-domain ff310000.power-management:power-controller: Looking up pd_iep-supply from device tree
[    3.449470] rockchip-pm-domain ff310000.power-management:power-controller: Looking up pd_iep-supply property in node /power-management@ff310000/power-controller failed
[    3.449583] of_cfs_init: OK
[    3.479611] vcc3v3_pcie: disabling
[    3.482762] rockchip-pm-domain ff310000.power-management:power-controller: Looking up pd_vdu-supply from device tree
[    3.482776] rockchip-pm-domain ff310000.power-management:power-controller: Looking up pd_vdu-supply property in node /power-management@ff310000/power-controller failed
[    3.482846] rockchip-pm-domain ff310000.power-management:power-controller: Looking up pd_vcodec-supply from device tree
[    3.482856] rockchip-pm-domain ff310000.power-management:power-controller: Looking up pd_vcodec-supply property in node /power-management@ff310000/power-controller failed
[    3.483350] rk-keypad rockchip-key: no io-channels defined
[    3.486656] of_get_named_gpiod_flags: parsed 'gpios' property of node '/rockchip-key/power-key[0]' - status (0)
[    3.486681] of_get_named_gpiod_flags: parsed 'gpios' property of node '/rockchip-key/power-key[0]' - status (0)
[    3.486863] input: rk29-keypad as /devices/platform/rockchip-key/input/input1
[    3.491268] ALSA device list:
[    3.492857] dwmmc_rockchip fe310000.dwmmc: deferring for a max of 2000ms while pcie port initializes. Waited 1223ms so far.
[    3.498294]   #0: rockchip,es8316-codec
[    3.501800] ttyS2 - failed to request DMA, use interrupt mode
[    3.505977] Freeing unused kernel memory: 1152K
[    3.531680] usb 4-1: new SuperSpeed USB device number 2 using xhci-hcd
[    3.549676] usb 4-1: New USB device found, idVendor=174c, idProduct=1153
[    3.552740] usb 4-1: New USB device strings: Mfr=2, Product=3, SerialNumber=1
[    3.555795] usb 4-1: Product: AS2115
[    3.558493] usb 4-1: Manufacturer: ASMedia
[    3.561203] usb 4-1: SerialNumber: 00000000000000000000
[    3.573235] dwmmc_rockchip fe310000.dwmmc: deferring for a max of 2000ms while pcie port initializes. Waited 1303ms so far.
[    3.655782] cdn-dp fec00000.dp: Direct firmware load for rockchip/dptx.bin failed with error -2
[    3.898492] phy phy-pcie-phy.9: Looking up phy-supply from device tree
[    3.898543] phy phy-pcie-phy.9: Looking up phy-supply property in node /pcie-phy failed
[    3.899615] rockchip-pcie f8000000.pcie: GPIO lookup for consumer ep
[    3.899623] rockchip-pcie f8000000.pcie: using device tree for GPIO lookup
[    3.899643] of_get_named_gpiod_flags: parsed 'ep-gpios' property of node '/pcie@f8000000[0]' - status (0)
[    3.899790] rockchip-pcie f8000000.pcie: Looking up vpcie3v3-supply from device tree
[    3.899859] rockchip-pcie f8000000.pcie: Looking up vpcie1v8-supply from device tree
[    3.899865] rockchip-pcie f8000000.pcie: Looking up vpcie1v8-supply property in node /pcie@f8000000 failed
[    3.899883] rockchip-pcie f8000000.pcie: no vpcie1v8 regulator found
[    3.901847] rockchip-pcie f8000000.pcie: Looking up vpcie0v9-supply from device tree
[    3.901853] rockchip-pcie f8000000.pcie: Looking up vpcie0v9-supply property in node /pcie@f8000000 failed
[    3.901868] rockchip-pcie f8000000.pcie: no vpcie0v9 regulator found
[    3.903822] rockchip-pcie f8000000.pcie: bus-scan-delay-ms in device tree is 1000 ms
[    3.905879] rockchip-pcie f8000000.pcie: missing "memory-region" property
[    3.908264] PCI host bridge /pcie@f8000000 ranges:
[    3.910147]   MEM 0xfa000000..0xfbdfffff -> 0xfa000000
[    3.912042]    IO 0xfbe00000..0xfbefffff -> 0xfbe00000
[    3.914213] rockchip-pcie f8000000.pcie: invalid power supply
[    3.914472] usb-storage 4-1:1.0: USB Mass Storage device detected
[    3.914960] scsi host0: usb-storage 4-1:1.0
[    3.915781] usbcore: registered new interface driver usb-storage
[    3.917308] usbcore: registered new interface driver uas
[    4.032542] EXT4-fs (mmcblk0p7): mounted filesystem with writeback data mode. Opts: (null)
[    4.336555] systemd[1]: System time before build time, advancing clock.
[    4.387188] ip_tables: (C) 2000-2006 Netfilter Core Team
[    4.396480] cgroup: cgroup2: unknown option "nsdelegate"
[    4.418295] systemd[1]: systemd 237 running in system mode. (+PAM +AUDIT +SELINUX +IMA +APPARMOR +SMACK +SYSVINIT +UTMP +LIBCRYPTSETUP +GCRYPT +GNUTLS +ACL +XZ +LZ4 +SECCOMP +BLKID +ELFUTILS +KMOD -IDN2 +IDN -PCRE2 default-hierarchy=hybrid)
[    4.423318] rockchip-pcie f8000000.pcie: PCIe link training gen1 timeout!
[    4.423326] rockchip-pcie f8000000.pcie: deferred probe failed
[    4.423560] rockchip-pcie: probe of f8000000.pcie failed with error -110
[    4.425266] dwmmc_rockchip fe310000.dwmmc: detected pcie initialized, continuing...
[    4.425467] dwmmc_rockchip fe310000.dwmmc: IDMAC supports 32-bit address mode.
[    4.425492] dwmmc_rockchip fe310000.dwmmc: Using internal DMA controller.
[    4.425506] dwmmc_rockchip fe310000.dwmmc: Version ID is 270a
[    4.425562] dwmmc_rockchip fe310000.dwmmc: DW MMC controller at irq 25,32 bit host data width,256 deep fifo
[    4.425586] dwmmc_rockchip fe310000.dwmmc: 'clock-freq-min-max' property was deprecated.
[    4.425598] dwmmc_rockchip fe310000.dwmmc: Looking up vmmc-supply from device tree
[    4.425607] dwmmc_rockchip fe310000.dwmmc: Looking up vmmc-supply property in node /dwmmc@fe310000 failed
[    4.425647] dwmmc_rockchip fe310000.dwmmc: Looking up vqmmc-supply from device tree
[    4.425656] dwmmc_rockchip fe310000.dwmmc: Looking up vqmmc-supply property in node /dwmmc@fe310000 failed
[    4.425673] dwmmc_rockchip fe310000.dwmmc: No vmmc regulator found
[    4.425678] dwmmc_rockchip fe310000.dwmmc: No vqmmc regulator found
[    4.425696] dwmmc_rockchip fe310000.dwmmc: GPIO lookup for consumer wp
[    4.425702] dwmmc_rockchip fe310000.dwmmc: using device tree for GPIO lookup
[    4.425711] of_get_named_gpiod_flags: can't parse 'wp-gpios' property of node '/dwmmc@fe310000[0]'
[    4.425718] of_get_named_gpiod_flags: can't parse 'wp-gpio' property of node '/dwmmc@fe310000[0]'
[    4.425724] dwmmc_rockchip fe310000.dwmmc: using lookup tables for GPIO lookup
[    4.425731] dwmmc_rockchip fe310000.dwmmc: lookup for GPIO wp failed
[    4.426010] platform sdio-pwrseq: GPIO lookup for consumer reset
[    4.426015] platform sdio-pwrseq: using device tree for GPIO lookup
[    4.426045] of_get_named_gpiod_flags: parsed 'reset-gpios' property of node '/sdio-pwrseq[0]' - status (0)
[    4.426079] dwmmc_rockchip fe310000.dwmmc: allocated mmc-pwrseq
[    4.435485] mmc_host mmc2: Bus speed (slot 0) = 400000Hz (slot req 400000Hz, actual 400000HZ div = 0)
[    4.451464] dwmmc_rockchip fe310000.dwmmc: 1 slots initialized
[    4.501889] mmc2: queuing unknown CIS tuple 0x80 (2 bytes)
[    4.503418] mmc2: queuing unknown CIS tuple 0x80 (3 bytes)
[    4.504948] mmc2: queuing unknown CIS tuple 0x80 (3 bytes)
[    4.507696] mmc2: queuing unknown CIS tuple 0x80 (7 bytes)
[    4.534760] systemd[1]: Detected architecture arm64.
[    4.556654] systemd[1]: Set hostname to <rockpro64>.
[    4.561698] mmc_host mmc2: Bus speed (slot 0) = 150000000Hz (slot req 150000000Hz, actual 150000000HZ div = 0)
[    4.568015] random: systemd: uninitialized urandom read (16 bytes read, 79 bits of entropy available)
[    4.572676] systemd[1]: Initializing machine ID from random generator.
[    4.771511] systemd[1]: File /lib/systemd/system/systemd-journald.service:36 configures an IP firewall (IPAddressDeny=any), but the local system does not support BPF/cgroup based firewalling.
[    4.784206] systemd[1]: Proceeding WITHOUT firewalling in effect! (This warning is only shown for the first loaded unit using IP firewalling.)
[    4.819540] dwmmc_rockchip fe310000.dwmmc: Successfully tuned phase to 205
[    4.826683] mmc2: queuing unknown CIS tuple 0x91 (3 bytes)
[    4.832161] mmc2: new ultra high speed SDR104 SDIO card at address 0001
[    4.917008] scsi 0:0:0:0: Direct-Access     ASMT     2115             0    PQ: 0 ANSI: 6
[    4.929168] sd 0:0:0:0: [sda] Attached SCSI removable disk
[    5.065560] random: systemd: uninitialized urandom read (16 bytes read, 108 bits of entropy available)
[    5.076655] systemd[1]: Reached target System Time Synchronized.
[    5.076805] rockchip-pm-domain ff310000.power-management:power-controller: Looking up pd_vopb-supply from device tree
[    5.076825] rockchip-pm-domain ff310000.power-management:power-controller: Looking up pd_vopb-supply property in node /power-management@ff310000/power-controller failed
[    5.077024] rockchip-pm-domain ff310000.power-management:power-controller: Looking up pd_vo-supply from device tree
[    5.077038] rockchip-pm-domain ff310000.power-management:power-controller: Looking up pd_vo-supply property in node /power-management@ff310000/power-controller failed
[    5.096012] random: systemd: uninitialized urandom read (16 bytes read, 108 bits of entropy available)
[    5.107897] systemd[1]: Set up automount Arbitrary Executable File Formats File System Automount Point.
[    5.127550] random: systemd: uninitialized urandom read (16 bytes read, 108 bits of entropy available)
[    5.135015] systemd[1]: Started Dispatch Password Requests to Console Directory Watch.
[    5.147542] random: systemd: uninitialized urandom read (16 bytes read, 108 bits of entropy available)
[    5.155738] systemd[1]: Created slice System Slice.
[    5.167566] random: systemd: uninitialized urandom read (16 bytes read, 108 bits of entropy available)
[    5.175847] systemd[1]: Created slice system-serial\x2dgetty.slice.
[    5.191514] random: systemd: uninitialized urandom read (16 bytes read, 109 bits of entropy available)
[    5.199519] systemd[1]: Listening on Syslog Socket.
[    5.211816] random: systemd: uninitialized urandom read (16 bytes read, 109 bits of entropy available)
[    5.219999] systemd[1]: Listening on /dev/initctl Compatibility Named Pipe.
[    5.235789] random: systemd: uninitialized urandom read (16 bytes read, 109 bits of entropy available)
[    5.244257] systemd[1]: Created slice User and Session Slice.
[    5.259992] random: systemd: uninitialized urandom read (16 bytes read, 109 bits of entropy available)
[    5.268138] systemd[1]: Listening on udev Kernel Socket.
[    5.284442] systemd[1]: Listening on Journal Socket.
[    5.303460] systemd[1]: Mounting Huge Pages File System...
[    5.323458] systemd[1]: Starting Create list of required static device nodes for the current kernel...
[    5.341394] systemd[1]: Started Forward Password Requests to Wall Directory Watch.
[    5.359740] systemd[1]: Reached target Local Encrypted Volumes.
[    5.375932] systemd[1]: Reached target Remote File Systems.
[    5.401025] systemd[1]: Starting Load Kernel Modules...
[    5.424560] systemd[1]: Listening on udev Control Socket.
[    5.441758] systemd[1]: Starting udev Coldplug all Devices...
[    5.462985] systemd[1]: Starting Remount Root and Kernel File Systems...
[    5.479094] systemd[1]: Starting Set the console keyboard layout...
[    5.495631] systemd[1]: Reached target Slices.
[    5.511662] systemd[1]: Reached target Swap.
[    5.527977] systemd[1]: Listening on Journal Socket (/dev/log).
[    5.547239] systemd[1]: Mounting POSIX Message Queue File System...
[    5.566674] systemd[1]: Starting Nameserver information manager...
[    5.581622] rockchip-vop ff900000.vop: [drm:vop_crtc_enable] Update mode to 1024x768p75, type: 11
[    5.583876] systemd[1]: Started ntp-systemd-netif.path.
[    5.589763] systemd[1]: Listening on Journal Audit Socket.
[    5.606763] systemd[1]: Starting Journal Service...
[    5.626995] systemd[1]: Mounting Kernel Debug File System...
[    5.650600] systemd[1]: Starting Restore / save the current clock...
[    5.673096] systemd[1]: Mounted Huge Pages File System.
[    5.693932] systemd[1]: Started Create list of required static device nodes for the current kernel.
[    5.709599] cdn-dp fec00000.dp: [drm:cdn_dp_pd_event_work] Not connected. Disabling cdn
[    5.712836] systemd[1]: Started Load Kernel Modules.
[    5.734754] systemd[1]: Started Remount Root and Kernel File Systems.
[    5.748286] systemd[1]: Started Set the console keyboard layout.
[    5.760510] systemd[1]: Started Journal Service.
[    5.881451] random: nonblocking pool is initialized
[    5.909134] systemd-journald[294]: Received request to flush runtime journal from PID 1
[    6.333617] rockchip-saradc ff100000.saradc: Looking up vref-supply from device tree
[    6.333627] rockchip-saradc ff100000.saradc: Looking up vref-supply property in node /saradc@ff100000 failed
[    6.333648] ff100000.saradc supply vref not found, using dummy regulator
[    6.333731] rockchip-saradc ff100000.saradc: failed to get voltage
[    6.335916] rockchip-saradc: probe of ff100000.saradc failed with error -22
[    6.382642] rk-hdmi-dp-sound hdmi-dp-sound: control 3:0:0:ELD:0 is already present
[    6.384932] hdmi-audio-codec hdmi-audio-codec.6.auto: ASoC: Failed to add ELD: -16
[    6.389441] rk-hdmi-dp-sound hdmi-dp-sound: multicodec <-> ff8a0000.i2s mapping ok
[    6.389513] hdmi-audio-codec hdmi-audio-codec.6.auto: ASoC: Failed to create Playback debugfs file
[    6.427446] mali ff9a0000.gpu: Looking up mali-supply from device tree
[    6.427606] mali ff9a0000.gpu: leakage=30
[    6.427620] mali ff9a0000.gpu: Looking up mali-supply from device tree
[    6.427635] vdd_gpu: could not add device link ff9a0000.gpu err -17
[    6.427641] vdd_gpu: Failed to create debugfs directory
[    6.430284] mali ff9a0000.gpu: Failed to get pvtm
[    6.433673] mali ff9a0000.gpu: GPU identified as 0x0860 r2p0 status 0
[    6.436611] mali ff9a0000.gpu: l=0 h=2147483647 hyst=5000 l_limit=0 h_limit=0
[    6.436761] I : [File] : drivers/gpu/arm/midgard_for_linux/backend/gpu/mali_kbase_devfreq.c; [Line] : 307; [Func] : kbase_devfreq_init(); success initing power_model_simple.
[    6.437860] mali ff9a0000.gpu: Probed as mali0
[    6.495938] dhd_module_init: in Dongle Host Driver, version 1.579.77.41.10 (r)
[    6.495941] ======== dhd_wlan_init_plat_data ========
[    6.495943] [WLAN_RFKILL]: rockchip_wifi_get_oob_irq: Enter
[    6.495950] dhd_wlan_init_gpio: WL_HOST_WAKE=-1, oob_irq=70, oob_irq_flags=0x414
[    6.495951] dhd_wlan_init_gpio: WL_REG_ON=-1
[    6.495953] dhd_wifi_platform_load: Enter
[    6.495967] Power-up adapter 'DHD generic adapter'
[    6.496329] wifi_platform_set_power = 1
[    6.496331] ======== PULL WL_REG_ON(-1) HIGH! ========
[    6.496332] [WLAN_RFKILL]: rockchip_wifi_power: 1
[    6.496335] [WLAN_RFKILL]: wifi turn on power. -1
[    6.604190] FAT-fs (mmcblk0p6): utf8 is not a recommended IO charset for FAT filesystems, filesystem will be case sensitive!
[    6.803359] wifi_platform_bus_enumerate device present 1
[    6.803370] ======== Card detection to detect SDIO card! ========
[    6.803378] mmc2:mmc host rescan start!
[    6.819495] bcmsdh_register: register client driver
[    6.820173] bcmsdh_sdmmc_probe: Enter num=1
[    6.820526] bcmsdh_sdmmc_probe: Enter num=2
[    6.820537] bus num (host idx)=2, slot num (rca)=1
[    6.820546] found adapter info 'DHD generic adapter'
[    6.820785] sdioh_attach: set sd_f2_blocksize 256
[    6.820882] sdioh_attach: sd clock rate = 0
[    6.821886] dhdsdio_probe : no mutex held. set lock
[    6.822261] F1 signature read @0x18000000=0x17224356
[    6.837540] F1 signature OK, socitype:0x1 chip:0x4354 rev:0x2 pkg:0x2
[    6.839717] DHD: dongle ram size is set to 786432(orig 786432) at 0x180000
[    6.839960] dhd_conf_set_chiprev: chip=0x4354, chiprev=2
[    6.846497] CFG80211-ERROR) wl_setup_wiphy : Registering Vendor80211
[    6.850290] CFG80211-ERROR) wl_init_prof : wl_init_prof: No profile
[    6.850631] wl_escan_attach: Enter
[    6.850677] wl_escan_init: Enter
[    6.850952] wl_create_event_handler(): thread:wl_escan_handler:1bd started
[    6.850966] tsk Enter, tsk = 0xffffffc0f08f01b0
[    6.853969] dhd_attach(): thread:dhd_watchdog_thread:1be started
[    6.854211] dhd_attach(): thread:dhd_dpc:1c1 started
[    6.854448] dhd_attach(): thread:dhd_rxf:1c2 started
[    6.854466] dhd_deferred_work_init: work queue initialized
[    6.854478] dhd_tcpack_suppress_set: TCP ACK Suppress mode 0 -> mode 2
[    6.854526] dhd_bus_set_default_min_res_mask: Unhandled chip id
[    6.854807] sdioh_cis_read: func_cis_ptr[0]=0x10ac
[    6.867986] Dongle Host Driver, version 1.579.77.41.10 (r)
[    6.869104] wl_ext_iapsta_attach_netdev: ifidx=0, bssidx=0
[    6.869127] Register interface [wlan0]  MAC: b0:f1:ec:96:24:08

[    6.869282] dhd_tcpack_suppress_set: TCP ACK Suppress mode 2 -> mode 0
[    6.869304] dhd_wl_ioctl: returning as busstate=0
[    6.869315] dhd_dbg_detach_pkt_monitor, 2204
[    6.869324] dhd_bus_devreset: == Power OFF ==
[    6.872784] bcmsdh_oob_intr_unregister: Enter
[    6.872798] bcmsdh_oob_intr_unregister: irq is not registered
[    6.872816] dhd_txglom_enable: enable 0
[    6.872827] dhd_conf_set_txglom_params: txglom_mode=copy
[    6.872836] dhd_conf_set_txglom_params: txglomsize=0, deferred_tx_len=0
[    6.872845] dhd_conf_set_txglom_params: txinrx_thres=128, dhd_txminmax=-1
[    6.872854] dhd_conf_set_txglom_params: tx_max_offset=0, txctl_tmo_fix=-1
[    6.872863] dhd_bus_devreset:  WLAN OFF DONE
[    6.872986] wifi_platform_set_power = 0
[    6.872998] ======== PULL WL_REG_ON(-1) LOW! ========
[    6.873008] [WLAN_RFKILL]: rockchip_wifi_power: 0
[    6.873026] [WLAN_RFKILL]: wifi shut off power.
[    6.873035] dhdsdio_probe : the lock is released.
[    6.874009] dhd_module_init: Exit err=0
[    7.163149] [BT_RFKILL]: bt shut off power
[    7.797085] zram: Added device: zram0
[    7.798020] zram: Added device: zram1
[    7.798880] zram: Added device: zram2
[    7.800169] zram: Added device: zram3
[    7.800913] zram: Added device: zram4
[    7.801562] zram: Added device: zram5
[    7.859765] zram0: detected capacity change from 0 to 338640896
[    7.880913] Adding 330700k swap on /dev/zram0.  Priority:5 extents:1 across:330700k SS
[    7.882181] zram1: detected capacity change from 0 to 338640896
[    7.894865] Adding 330700k swap on /dev/zram1.  Priority:5 extents:1 across:330700k SS
[    7.896686] zram2: detected capacity change from 0 to 338640896
[    7.919366] Adding 330700k swap on /dev/zram2.  Priority:5 extents:1 across:330700k SS
[    7.920779] zram3: detected capacity change from 0 to 338640896
[    7.946239] Adding 330700k swap on /dev/zram3.  Priority:5 extents:1 across:330700k SS
[    7.947863] zram4: detected capacity change from 0 to 338640896
[    7.961980] Adding 330700k swap on /dev/zram4.  Priority:5 extents:1 across:330700k SS
[    7.972562] zram5: detected capacity change from 0 to 338640896
[    7.988721] Adding 330700k swap on /dev/zram5.  Priority:5 extents:1 across:330700k SS
[    8.195381] [BT_RFKILL]: ENABLE UART_RTS
[    8.299396] [BT_RFKILL]: DISABLE UART_RTS
[    8.299433] [BT_RFKILL]: bt turn on power
[    8.406502] IPv6: ADDRCONF(NETDEV_UP): wlan0: link is not ready
[    8.406612] dhd_open: Enter ffffffc0e0e5c000
[    8.406615] dhd_open : no mutex held. set lock
[    8.406621] 
               Dongle Host Driver, version 1.579.77.41.10 (r)
[    8.406626] wl_ext_iapsta_attach_netdev: ifidx=0, bssidx=0
[    8.406630] wl_android_wifi_on in 1
[    8.406634] wl_android_wifi_on in 2: g_wifi_on=0
[    8.406637] wifi_platform_set_power = 1
[    8.406641] ======== PULL WL_REG_ON(-1) HIGH! ========
[    8.406645] [WLAN_RFKILL]: rockchip_wifi_power: 1
[    8.406649] [WLAN_RFKILL]: wifi turn on power. -1
[    8.707324] sdio_reset_comm():
[    8.723337] mmc_host mmc2: Bus speed (slot 0) = 400000Hz (slot req 400000Hz, actual 400000HZ div = 0)
[    8.742703] mmc_host mmc2: Bus speed (slot 0) = 200000Hz (slot req 200000Hz, actual 200000HZ div = 0)
[    8.779250] mmc2: queuing unknown CIS tuple 0x80 (2 bytes)
[    8.782358] mmc2: queuing unknown CIS tuple 0x80 (3 bytes)
[    8.785459] mmc2: queuing unknown CIS tuple 0x80 (3 bytes)
[    8.791231] mmc2: queuing unknown CIS tuple 0x80 (7 bytes)
[    8.901800] mmc_host mmc2: Bus speed (slot 0) = 150000000Hz (slot req 150000000Hz, actual 150000000HZ div = 0)
[    9.027569] dwmmc_rockchip fe310000.dwmmc: Successfully tuned phase to 204
[    9.027628] sdioh_start: set sd_f2_blocksize 256
[    9.027981] 
               
               dhd_bus_devreset: == WLAN ON ==
[    9.028086] F1 signature read @0x18000000=0x17224356
[    9.031635] F1 signature OK, socitype:0x1 chip:0x4354 rev:0x2 pkg:0x2
[    9.031999] DHD: dongle ram size is set to 786432(orig 786432) at 0x180000
[    9.032048] dhd_bus_set_default_min_res_mask: Unhandled chip id
[    9.032722] dhd_conf_read_config: Ignore config file /vendor/etc/firmware/config.txt
[    9.032737] Final fw_path=/vendor/etc/firmware/fw_bcm4356a2_ag.bin
[    9.032740] Final nv_path=/vendor/etc/firmware/nvram_ap6356.txt
[    9.032744] Final clm_path=/vendor/etc/firmware/clm.blob
[    9.032748] Final conf_path=/vendor/etc/firmware/config.txt
[    9.033346] dhdsdio_download_code_file: Open firmware file failed /vendor/etc/firmware/fw_bcm4356a2_ag.bin
[    9.033351] _dhdsdio_download_firmware: dongle image file download failed
[    9.033384] dhd_bus_devreset Failed to download binary to the dongle
[    9.033390] dhd_net_bus_devreset: dhd_bus_devreset: -35
[    9.033396] dhd_wl_ioctl: returning as busstate=0
[    9.033400] dhd_dbg_detach_pkt_monitor, 2204
[    9.033404] dhd_net_bus_devreset: dhd_bus_devreset: -35
[    9.033784] wifi_platform_set_power = 0
[    9.033789] ======== PULL WL_REG_ON(-1) LOW! ========
[    9.033793] [WLAN_RFKILL]: rockchip_wifi_power: 0
[    9.033803] [WLAN_RFKILL]: wifi shut off power.
[    9.033806] wl_android_wifi_on: Failed
[    9.033811] dhd_open : wl_android_wifi_on failed (-35)
[    9.033815] dhd_stop: Enter ffffffc0e0e5c000
[    9.033818] wl_android_wifi_off in 1
[    9.033821] wl_android_wifi_off in 2: g_wifi_on=0, on_failure=1
[    9.033824] dhd_wl_ioctl: returning as busstate=0
[    9.033827] dhd_dbg_detach_pkt_monitor, 2204
[    9.033830] dhd_net_bus_devreset: dhd_bus_devreset: -35
[    9.033861] sdioh_disable_func_intr: error for read SDIO_CCCR_IENx : 0xffffff92
[    9.033868] wifi_platform_set_power = 0
[    9.033870] ======== PULL WL_REG_ON(-1) LOW! ========
[    9.033873] [WLAN_RFKILL]: rockchip_wifi_power: 0
[    9.033877] [WLAN_RFKILL]: wifi shut off power.
[    9.033879] wl_android_wifi_off out
[    9.033883] wl_ext_iapsta_dettach_netdev: ifidx=0
[    9.033898] dhd_stop: Exit
[    9.033901] dhd_open : the lock is released.
[    9.033903] dhd_open: Exit ret=-1
[    9.071083] dhd_open: Enter ffffffc0e0e5c000
[    9.071090] dhd_open : no mutex held. set lock
[    9.071099] 
               Dongle Host Driver, version 1.579.77.41.10 (r)
[    9.071104] wl_ext_iapsta_attach_netdev: ifidx=0, bssidx=0
[    9.071108] wl_android_wifi_on in 1
[    9.071112] wl_android_wifi_on in 2: g_wifi_on=0
[    9.071115] wifi_platform_set_power = 1
[    9.071119] ======== PULL WL_REG_ON(-1) HIGH! ========
[    9.071122] [WLAN_RFKILL]: rockchip_wifi_power: 1
[    9.071126] [WLAN_RFKILL]: wifi turn on power. -1
[    9.205644] EXT4-fs (mmcblk0p7): resizing filesystem from 490496 to 7758971 blocks
[    9.371353] sdio_reset_comm():
[    9.387353] mmc_host mmc2: Bus speed (slot 0) = 400000Hz (slot req 400000Hz, actual 400000HZ div = 0)
[    9.406712] mmc_host mmc2: Bus speed (slot 0) = 200000Hz (slot req 200000Hz, actual 200000HZ div = 0)
[    9.420042] EXT4-fs (mmcblk0p7): resized filesystem to 7758971
[    9.442989] mmc2: queuing unknown CIS tuple 0x80 (2 bytes)
[    9.562208] mmc_host mmc2: Bus speed (slot 0) = 150000000Hz (slot req 150000000Hz, actual 150000000HZ div = 0)
[    9.815926] dwmmc_rockchip fe310000.dwmmc: Successfully tuned phase to 204
[    9.816274] sdioh_start: set sd_f2_blocksize 256
[    9.817645] 
               
               dhd_bus_devreset: == WLAN ON ==
[    9.817803] F1 signature read @0x18000000=0x17224356
[    9.822548] F1 signature OK, socitype:0x1 chip:0x4354 rev:0x2 pkg:0x2
[    9.823096] DHD: dongle ram size is set to 786432(orig 786432) at 0x180000
[    9.823157] dhd_bus_set_default_min_res_mask: Unhandled chip id
[    9.823660] dhd_conf_read_config: Ignore config file /vendor/etc/firmware/config.txt
[    9.823670] Final fw_path=/vendor/etc/firmware/fw_bcm4356a2_ag.bin
[    9.823673] Final nv_path=/vendor/etc/firmware/nvram_ap6356.txt
[    9.823676] Final clm_path=/vendor/etc/firmware/clm.blob
[    9.823679] Final conf_path=/vendor/etc/firmware/config.txt
[    9.824108] dhdsdio_download_code_file: Open firmware file failed /vendor/etc/firmware/fw_bcm4356a2_ag.bin
[    9.824112] _dhdsdio_download_firmware: dongle image file download failed
[    9.824137] dhd_bus_devreset Failed to download binary to the dongle
[    9.824141] dhd_net_bus_devreset: dhd_bus_devreset: -35
[    9.824147] dhd_wl_ioctl: returning as busstate=0
[    9.824150] dhd_dbg_detach_pkt_monitor, 2204
[    9.824154] dhd_net_bus_devreset: dhd_bus_devreset: -35
[    9.824197] wifi_platform_set_power = 0
[    9.824201] ======== PULL WL_REG_ON(-1) LOW! ========
[    9.824204] [WLAN_RFKILL]: rockchip_wifi_power: 0
[    9.824214] [WLAN_RFKILL]: wifi shut off power.
[    9.824217] wl_android_wifi_on: Failed
[    9.824221] dhd_open : wl_android_wifi_on failed (-35)
[    9.824224] dhd_stop: Enter ffffffc0e0e5c000
[    9.824227] wl_android_wifi_off in 1
[    9.824230] wl_android_wifi_off in 2: g_wifi_on=0, on_failure=1
[    9.824233] dhd_wl_ioctl: returning as busstate=0
[    9.824236] dhd_dbg_detach_pkt_monitor, 2204
[    9.824239] dhd_net_bus_devreset: dhd_bus_devreset: -35
[    9.824263] sdioh_disable_func_intr: error for read SDIO_CCCR_IENx : 0xffffff92
[    9.824266] wifi_platform_set_power = 0
[    9.824269] ======== PULL WL_REG_ON(-1) LOW! ========
[    9.824271] [WLAN_RFKILL]: rockchip_wifi_power: 0
[    9.824276] [WLAN_RFKILL]: wifi shut off power.
[    9.824278] wl_android_wifi_off out
[    9.824281] wl_ext_iapsta_dettach_netdev: ifidx=0
[    9.824295] dhd_stop: Exit
[    9.824298] dhd_open : the lock is released.
[    9.824300] dhd_open: Exit ret=-1
[    9.825567] dhd_open: Enter ffffffc0e0e5c000
[    9.825573] dhd_open : no mutex held. set lock
[    9.825580] 
               Dongle Host Driver, version 1.579.77.41.10 (r)
[    9.825585] wl_ext_iapsta_attach_netdev: ifidx=0, bssidx=0
[    9.825589] wl_android_wifi_on in 1
[    9.825592] wl_android_wifi_on in 2: g_wifi_on=0
[    9.825595] wifi_platform_set_power = 1
[    9.825598] ======== PULL WL_REG_ON(-1) HIGH! ========
[    9.825601] [WLAN_RFKILL]: rockchip_wifi_power: 1
[    9.825604] [WLAN_RFKILL]: wifi turn on power. -1
[   10.127342] sdio_reset_comm():
[   10.143381] mmc_host mmc2: Bus speed (slot 0) = 400000Hz (slot req 400000Hz, actual 400000HZ div = 0)
[   10.163097] mmc_host mmc2: Bus speed (slot 0) = 200000Hz (slot req 200000Hz, actual 200000HZ div = 0)
[   10.202125] sdio_read_cis: 3 callbacks suppressed
[   10.202130] mmc2: queuing unknown CIS tuple 0x80 (2 bytes)
[   10.205375] mmc2: queuing unknown CIS tuple 0x80 (3 bytes)
[   10.208674] mmc2: queuing unknown CIS tuple 0x80 (3 bytes)
[   10.214520] mmc2: queuing unknown CIS tuple 0x80 (7 bytes)
[   10.326083] mmc_host mmc2: Bus speed (slot 0) = 150000000Hz (slot req 150000000Hz, actual 150000000HZ div = 0)
[   10.584598] dwmmc_rockchip fe310000.dwmmc: Successfully tuned phase to 206
[   10.585310] sdioh_start: set sd_f2_blocksize 256
[   10.586674] 
               
               dhd_bus_devreset: == WLAN ON ==
[   10.587935] F1 signature read @0x18000000=0x17224356
[   10.594096] F1 signature OK, socitype:0x1 chip:0x4354 rev:0x2 pkg:0x2
[   10.594967] DHD: dongle ram size is set to 786432(orig 786432) at 0x180000
[   10.595060] dhd_bus_set_default_min_res_mask: Unhandled chip id
[   10.595612] dhd_conf_read_config: Ignore config file /vendor/etc/firmware/config.txt
[   10.595622] Final fw_path=/vendor/etc/firmware/fw_bcm4356a2_ag.bin
[   10.595625] Final nv_path=/vendor/etc/firmware/nvram_ap6356.txt
[   10.595627] Final clm_path=/vendor/etc/firmware/clm.blob
[   10.595630] Final conf_path=/vendor/etc/firmware/config.txt
[   10.596306] dhdsdio_download_code_file: Open firmware file failed /vendor/etc/firmware/fw_bcm4356a2_ag.bin
[   10.596309] _dhdsdio_download_firmware: dongle image file download failed
[   10.596347] dhd_bus_devreset Failed to download binary to the dongle
[   10.596353] dhd_net_bus_devreset: dhd_bus_devreset: -35
[   10.596357] dhd_wl_ioctl: returning as busstate=0
[   10.596361] dhd_dbg_detach_pkt_monitor, 2204
[   10.596364] dhd_net_bus_devreset: dhd_bus_devreset: -35
[   10.596435] wifi_platform_set_power = 0
[   10.596439] ======== PULL WL_REG_ON(-1) LOW! ========
[   10.596442] [WLAN_RFKILL]: rockchip_wifi_power: 0
[   10.596451] [WLAN_RFKILL]: wifi shut off power.
[   10.596454] wl_android_wifi_on: Failed
[   10.596458] dhd_open : wl_android_wifi_on failed (-35)
[   10.596462] dhd_stop: Enter ffffffc0e0e5c000
[   10.596464] wl_android_wifi_off in 1
[   10.596467] wl_android_wifi_off in 2: g_wifi_on=0, on_failure=1
[   10.596470] dhd_wl_ioctl: returning as busstate=0
[   10.596473] dhd_dbg_detach_pkt_monitor, 2204
[   10.596476] dhd_net_bus_devreset: dhd_bus_devreset: -35
[   10.596513] sdioh_disable_func_intr: error for read SDIO_CCCR_IENx : 0xffffff92
[   10.596516] wifi_platform_set_power = 0
[   10.596519] ======== PULL WL_REG_ON(-1) LOW! ========
[   10.596522] [WLAN_RFKILL]: rockchip_wifi_power: 0
[   10.596526] [WLAN_RFKILL]: wifi shut off power.
[   10.596528] wl_android_wifi_off out
[   10.596531] wl_ext_iapsta_dettach_netdev: ifidx=0
[   10.596545] dhd_stop: Exit
[   10.596548] dhd_open : the lock is released.
[   10.596550] dhd_open: Exit ret=-1
[   21.097152] dhd_open: Enter ffffffc0e0e5c000
[   21.097178] dhd_open : no mutex held. set lock
[   21.097206] 
               Dongle Host Driver, version 1.579.77.41.10 (r)
[   21.097228] wl_ext_iapsta_attach_netdev: ifidx=0, bssidx=0
[   21.097243] wl_android_wifi_on in 1
[   21.097257] wl_android_wifi_on in 2: g_wifi_on=0
[   21.097273] wifi_platform_set_power = 1
[   21.097287] ======== PULL WL_REG_ON(-1) HIGH! ========
[   21.097302] [WLAN_RFKILL]: rockchip_wifi_power: 1
[   21.097318] [WLAN_RFKILL]: wifi turn on power. -1
[   21.399466] sdio_reset_comm():
[   21.415583] mmc_host mmc2: Bus speed (slot 0) = 400000Hz (slot req 400000Hz, actual 400000HZ div = 0)
[   21.435088] mmc_host mmc2: Bus speed (slot 0) = 200000Hz (slot req 200000Hz, actual 200000HZ div = 0)
[   21.476553] mmc2: queuing unknown CIS tuple 0x80 (2 bytes)
[   21.479892] mmc2: queuing unknown CIS tuple 0x80 (3 bytes)
[   21.483128] mmc2: queuing unknown CIS tuple 0x80 (3 bytes)
[   21.489394] mmc2: queuing unknown CIS tuple 0x80 (7 bytes)
[   21.603962] mmc_host mmc2: Bus speed (slot 0) = 150000000Hz (slot req 150000000Hz, actual 150000000HZ div = 0)
[   21.739517] dwmmc_rockchip fe310000.dwmmc: Successfully tuned phase to 195
[   21.739605] sdioh_start: set sd_f2_blocksize 256
[   21.740175] 
               
               dhd_bus_devreset: == WLAN ON ==
[   21.740402] F1 signature read @0x18000000=0x17224356
[   21.748950] F1 signature OK, socitype:0x1 chip:0x4354 rev:0x2 pkg:0x2
[   21.749709] DHD: dongle ram size is set to 786432(orig 786432) at 0x180000
[   21.749811] dhd_bus_set_default_min_res_mask: Unhandled chip id
[   21.750101] dhd_conf_read_config: Ignore config file /vendor/etc/firmware/config.txt
[   21.750140] Final fw_path=/vendor/etc/firmware/fw_bcm4356a2_ag.bin
[   21.750153] Final nv_path=/vendor/etc/firmware/nvram_ap6356.txt
[   21.750166] Final clm_path=/vendor/etc/firmware/clm.blob
[   21.750179] Final conf_path=/vendor/etc/firmware/config.txt
[   21.750790] dhdsdio_download_code_file: Open firmware file failed /vendor/etc/firmware/fw_bcm4356a2_ag.bin
[   21.750806] _dhdsdio_download_firmware: dongle image file download failed
[   21.750855] dhd_bus_devreset Failed to download binary to the dongle
[   21.750876] dhd_net_bus_devreset: dhd_bus_devreset: -35
[   21.750894] dhd_wl_ioctl: returning as busstate=0
[   21.750910] dhd_dbg_detach_pkt_monitor, 2204
[   21.750926] dhd_net_bus_devreset: dhd_bus_devreset: -35
[   21.750992] wifi_platform_set_power = 0
[   21.751007] ======== PULL WL_REG_ON(-1) LOW! ========
[   21.751022] [WLAN_RFKILL]: rockchip_wifi_power: 0
[   21.751053] [WLAN_RFKILL]: wifi shut off power.
[   21.751066] wl_android_wifi_on: Failed
[   21.751082] dhd_open : wl_android_wifi_on failed (-35)
[   21.751098] dhd_stop: Enter ffffffc0e0e5c000
[   21.751111] wl_android_wifi_off in 1
[   21.751126] wl_android_wifi_off in 2: g_wifi_on=0, on_failure=1
[   21.751141] dhd_wl_ioctl: returning as busstate=0
[   21.751155] dhd_dbg_detach_pkt_monitor, 2204
[   21.751169] dhd_net_bus_devreset: dhd_bus_devreset: -35
[   21.751213] sdioh_disable_func_intr: error for read SDIO_CCCR_IENx : 0xffffff92
[   21.751230] wifi_platform_set_power = 0
[   21.751243] ======== PULL WL_REG_ON(-1) LOW! ========
[   21.751256] [WLAN_RFKILL]: rockchip_wifi_power: 0
[   21.751274] [WLAN_RFKILL]: wifi shut off power.
[   21.751453] wl_android_wifi_off out
[   21.751470] wl_ext_iapsta_dettach_netdev: ifidx=0
[   21.761781] dhd_stop: Exit
[   21.761803] dhd_open : the lock is released.
[   21.761818] dhd_open: Exit ret=-1
[   21.765562] dhd_open: Enter ffffffc0e0e5c000
[   21.765576] dhd_open : no mutex held. set lock
[   21.765591] 
               Dongle Host Driver, version 1.579.77.41.10 (r)
[   21.765601] wl_ext_iapsta_attach_netdev: ifidx=0, bssidx=0
[   21.765608] wl_android_wifi_on in 1
[   21.765614] wl_android_wifi_on in 2: g_wifi_on=0
[   21.765621] wifi_platform_set_power = 1
[   21.765628] ======== PULL WL_REG_ON(-1) HIGH! ========
[   21.765635] [WLAN_RFKILL]: rockchip_wifi_power: 1
[   21.765643] [WLAN_RFKILL]: wifi turn on power. -1
[   22.067466] sdio_reset_comm():
[   22.083581] mmc_host mmc2: Bus speed (slot 0) = 400000Hz (slot req 400000Hz, actual 400000HZ div = 0)
[   22.103090] mmc_host mmc2: Bus speed (slot 0) = 200000Hz (slot req 200000Hz, actual 200000HZ div = 0)
[   22.144614] mmc2: queuing unknown CIS tuple 0x80 (2 bytes)
[   22.147841] mmc2: queuing unknown CIS tuple 0x80 (3 bytes)
[   22.151677] mmc2: queuing unknown CIS tuple 0x80 (3 bytes)
[   22.158511] mmc2: queuing unknown CIS tuple 0x80 (7 bytes)
[   22.276296] mmc_host mmc2: Bus speed (slot 0) = 150000000Hz (slot req 150000000Hz, actual 150000000HZ div = 0)
[   22.331739] rk_gmac-dwmac fe300000.ethernet eth0: Link is Up - 100Mbps/Full - flow control rx/tx
[   22.547696] dwmmc_rockchip fe310000.dwmmc: Successfully tuned phase to 204
[   22.547896] sdioh_start: set sd_f2_blocksize 256
[   22.550267] 
               
               dhd_bus_devreset: == WLAN ON ==
[   22.550873] F1 signature read @0x18000000=0x17224356
[   22.564423] F1 signature OK, socitype:0x1 chip:0x4354 rev:0x2 pkg:0x2
[   22.566299] DHD: dongle ram size is set to 786432(orig 786432) at 0x180000
[   22.566499] dhd_bus_set_default_min_res_mask: Unhandled chip id
[   22.567278] dhd_conf_read_config: Ignore config file /vendor/etc/firmware/config.txt
[   22.567430] Final fw_path=/vendor/etc/firmware/fw_bcm4356a2_ag.bin
[   22.567471] Final nv_path=/vendor/etc/firmware/nvram_ap6356.txt
[   22.567506] Final clm_path=/vendor/etc/firmware/clm.blob
[   22.567518] Final conf_path=/vendor/etc/firmware/config.txt
[   22.569027] dhdsdio_download_code_file: Open firmware file failed /vendor/etc/firmware/fw_bcm4356a2_ag.bin
[   22.569045] _dhdsdio_download_firmware: dongle image file download failed
[   22.569155] dhd_bus_devreset Failed to download binary to the dongle
[   22.569178] dhd_net_bus_devreset: dhd_bus_devreset: -35
[   22.569197] dhd_wl_ioctl: returning as busstate=0
[   22.569212] dhd_dbg_detach_pkt_monitor, 2204
[   22.569227] dhd_net_bus_devreset: dhd_bus_devreset: -35
[   22.569411] wifi_platform_set_power = 0
[   22.569427] ======== PULL WL_REG_ON(-1) LOW! ========
[   22.569442] [WLAN_RFKILL]: rockchip_wifi_power: 0
[   22.569474] [WLAN_RFKILL]: wifi shut off power.
[   22.569487] wl_android_wifi_on: Failed
[   22.569514] dhd_open : wl_android_wifi_on failed (-35)
[   22.569531] dhd_stop: Enter ffffffc0e0e5c000
[   22.569544] wl_android_wifi_off in 1
[   22.569558] wl_android_wifi_off in 2: g_wifi_on=0, on_failure=1
[   22.569574] dhd_wl_ioctl: returning as busstate=0
[   22.569588] dhd_dbg_detach_pkt_monitor, 2204
[   22.569603] dhd_net_bus_devreset: dhd_bus_devreset: -35
[   22.569707] sdioh_disable_func_intr: error for read SDIO_CCCR_IENx : 0xffffff92
[   22.569725] wifi_platform_set_power = 0
[   22.569739] ======== PULL WL_REG_ON(-1) LOW! ========
[   22.569752] [WLAN_RFKILL]: rockchip_wifi_power: 0
[   22.569770] [WLAN_RFKILL]: wifi shut off power.
[   22.569783] wl_android_wifi_off out
[   22.569797] wl_ext_iapsta_dettach_netdev: ifidx=0
[   22.569862] dhd_stop: Exit
[   22.569876] dhd_open : the lock is released.
[   22.569899] dhd_open: Exit ret=-1
[   33.096355] dhd_open: Enter ffffffc0e0e5c000
[   33.096380] dhd_open : no mutex held. set lock
[   33.096410] 
               Dongle Host Driver, version 1.579.77.41.10 (r)
[   33.096432] wl_ext_iapsta_attach_netdev: ifidx=0, bssidx=0
[   33.096447] wl_android_wifi_on in 1
[   33.096462] wl_android_wifi_on in 2: g_wifi_on=0
[   33.096477] wifi_platform_set_power = 1
[   33.096491] ======== PULL WL_REG_ON(-1) HIGH! ========
[   33.096506] [WLAN_RFKILL]: rockchip_wifi_power: 1
[   33.096521] [WLAN_RFKILL]: wifi turn on power. -1
[   33.399637] sdio_reset_comm():
[   33.415738] mmc_host mmc2: Bus speed (slot 0) = 400000Hz (slot req 400000Hz, actual 400000HZ div = 0)
[   33.435416] mmc_host mmc2: Bus speed (slot 0) = 200000Hz (slot req 200000Hz, actual 200000HZ div = 0)
[   33.474395] mmc2: queuing unknown CIS tuple 0x80 (2 bytes)
[   33.477947] mmc2: queuing unknown CIS tuple 0x80 (3 bytes)
[   33.481226] mmc2: queuing unknown CIS tuple 0x80 (3 bytes)
[   33.486999] mmc2: queuing unknown CIS tuple 0x80 (7 bytes)
[   33.600104] mmc_host mmc2: Bus speed (slot 0) = 150000000Hz (slot req 150000000Hz, actual 150000000HZ div = 0)
[   33.979875] dwmmc_rockchip fe310000.dwmmc: Successfully tuned phase to 204
[   33.979970] sdioh_start: set sd_f2_blocksize 256
[   33.980565] 
               
               dhd_bus_devreset: == WLAN ON ==
[   33.980792] F1 signature read @0x18000000=0x17224356
[   33.986333] F1 signature OK, socitype:0x1 chip:0x4354 rev:0x2 pkg:0x2
[   33.987102] DHD: dongle ram size is set to 786432(orig 786432) at 0x180000
[   33.987204] dhd_bus_set_default_min_res_mask: Unhandled chip id
[   33.987638] dhd_conf_read_config: Ignore config file /vendor/etc/firmware/config.txt
[   33.987678] Final fw_path=/vendor/etc/firmware/fw_bcm4356a2_ag.bin
[   33.987691] Final nv_path=/vendor/etc/firmware/nvram_ap6356.txt
[   33.987704] Final clm_path=/vendor/etc/firmware/clm.blob
[   33.987717] Final conf_path=/vendor/etc/firmware/config.txt
[   33.988327] dhdsdio_download_code_file: Open firmware file failed /vendor/etc/firmware/fw_bcm4356a2_ag.bin
[   33.988344] _dhdsdio_download_firmware: dongle image file download failed
[   33.988393] dhd_bus_devreset Failed to download binary to the dongle
[   33.988426] dhd_net_bus_devreset: dhd_bus_devreset: -35
[   33.988443] dhd_wl_ioctl: returning as busstate=0
[   33.988459] dhd_dbg_detach_pkt_monitor, 2204
[   33.988475] dhd_net_bus_devreset: dhd_bus_devreset: -35
[   33.988543] wifi_platform_set_power = 0
[   33.988558] ======== PULL WL_REG_ON(-1) LOW! ========
[   33.988573] [WLAN_RFKILL]: rockchip_wifi_power: 0
[   33.988604] [WLAN_RFKILL]: wifi shut off power.
[   33.988617] wl_android_wifi_on: Failed
[   33.988633] dhd_open : wl_android_wifi_on failed (-35)
[   33.988649] dhd_stop: Enter ffffffc0e0e5c000
[   33.988662] wl_android_wifi_off in 1
[   33.988677] wl_android_wifi_off in 2: g_wifi_on=0, on_failure=1
[   33.988692] dhd_wl_ioctl: returning as busstate=0
[   33.988715] dhd_dbg_detach_pkt_monitor, 2204
[   33.988730] dhd_net_bus_devreset: dhd_bus_devreset: -35
[   33.988774] sdioh_disable_func_intr: error for read SDIO_CCCR_IENx : 0xffffff92
[   33.988791] wifi_platform_set_power = 0
[   33.988804] ======== PULL WL_REG_ON(-1) LOW! ========
[   33.988817] [WLAN_RFKILL]: rockchip_wifi_power: 0
[   33.988835] [WLAN_RFKILL]: wifi shut off power.
[   33.988848] wl_android_wifi_off out
[   33.988863] wl_ext_iapsta_dettach_netdev: ifidx=0
[   33.988926] dhd_stop: Exit
[   33.988939] dhd_open : the lock is released.
[   33.988952] dhd_open: Exit ret=-1
[   33.991127] dhd_open: Enter ffffffc0e0e5c000
[   33.991146] dhd_open : no mutex held. set lock
[   33.991173] 
               Dongle Host Driver, version 1.579.77.41.10 (r)
[   33.991194] wl_ext_iapsta_attach_netdev: ifidx=0, bssidx=0
[   33.991210] wl_android_wifi_on in 1
[   33.991224] wl_android_wifi_on in 2: g_wifi_on=0
[   33.991239] wifi_platform_set_power = 1
[   33.991253] ======== PULL WL_REG_ON(-1) HIGH! ========
